Archive member included to satisfy reference by file (symbol)

/usr/lib/gcc/arm-none-eabi/7.3.1/../../../arm-none-eabi/lib/thumb/v7e-m/fpv4-sp/hard/libc_nano.a(lib_a-atexit.o)
                              /usr/lib/gcc/arm-none-eabi/7.3.1/../../../arm-none-eabi/lib/thumb/v7e-m/fpv4-sp/hard/crt0.o (atexit)
/usr/lib/gcc/arm-none-eabi/7.3.1/../../../arm-none-eabi/lib/thumb/v7e-m/fpv4-sp/hard/libc_nano.a(lib_a-exit.o)
                              /usr/lib/gcc/arm-none-eabi/7.3.1/../../../arm-none-eabi/lib/thumb/v7e-m/fpv4-sp/hard/crt0.o (exit)
/usr/lib/gcc/arm-none-eabi/7.3.1/../../../arm-none-eabi/lib/thumb/v7e-m/fpv4-sp/hard/libc_nano.a(lib_a-fini.o)
                              /usr/lib/gcc/arm-none-eabi/7.3.1/../../../arm-none-eabi/lib/thumb/v7e-m/fpv4-sp/hard/crt0.o (__libc_fini_array)
/usr/lib/gcc/arm-none-eabi/7.3.1/../../../arm-none-eabi/lib/thumb/v7e-m/fpv4-sp/hard/libc_nano.a(lib_a-impure.o)
                              /usr/lib/gcc/arm-none-eabi/7.3.1/../../../arm-none-eabi/lib/thumb/v7e-m/fpv4-sp/hard/libc_nano.a(lib_a-exit.o) (_global_impure_ptr)
/usr/lib/gcc/arm-none-eabi/7.3.1/../../../arm-none-eabi/lib/thumb/v7e-m/fpv4-sp/hard/libc_nano.a(lib_a-init.o)
                              /usr/lib/gcc/arm-none-eabi/7.3.1/../../../arm-none-eabi/lib/thumb/v7e-m/fpv4-sp/hard/crt0.o (__libc_init_array)
/usr/lib/gcc/arm-none-eabi/7.3.1/../../../arm-none-eabi/lib/thumb/v7e-m/fpv4-sp/hard/libc_nano.a(lib_a-memcpy.o)
                              build/queue.o (memcpy)
/usr/lib/gcc/arm-none-eabi/7.3.1/../../../arm-none-eabi/lib/thumb/v7e-m/fpv4-sp/hard/libc_nano.a(lib_a-memset.o)
                              /usr/lib/gcc/arm-none-eabi/7.3.1/../../../arm-none-eabi/lib/thumb/v7e-m/fpv4-sp/hard/crt0.o (memset)
/usr/lib/gcc/arm-none-eabi/7.3.1/../../../arm-none-eabi/lib/thumb/v7e-m/fpv4-sp/hard/libc_nano.a(lib_a-strlen.o)
                              build/tm_stm32f4_fonts.o (strlen)
/usr/lib/gcc/arm-none-eabi/7.3.1/../../../arm-none-eabi/lib/thumb/v7e-m/fpv4-sp/hard/libc_nano.a(lib_a-__atexit.o)
                              /usr/lib/gcc/arm-none-eabi/7.3.1/../../../arm-none-eabi/lib/thumb/v7e-m/fpv4-sp/hard/libc_nano.a(lib_a-atexit.o) (__register_exitproc)
/usr/lib/gcc/arm-none-eabi/7.3.1/../../../arm-none-eabi/lib/thumb/v7e-m/fpv4-sp/hard/libc_nano.a(lib_a-__call_atexit.o)
                              /usr/lib/gcc/arm-none-eabi/7.3.1/../../../arm-none-eabi/lib/thumb/v7e-m/fpv4-sp/hard/libc_nano.a(lib_a-__atexit.o) (__call_exitprocs)
/usr/lib/gcc/arm-none-eabi/7.3.1/../../../arm-none-eabi/lib/thumb/v7e-m/fpv4-sp/hard/libnosys.a(_exit.o)
                              /usr/lib/gcc/arm-none-eabi/7.3.1/../../../arm-none-eabi/lib/thumb/v7e-m/fpv4-sp/hard/libc_nano.a(lib_a-exit.o) (_exit)
/usr/lib/gcc/arm-none-eabi/7.3.1/thumb/v7e-m/fpv4-sp/hard/libgcc.a(_aeabi_uldivmod.o)
                              build/stm32f4xx_hal_rcc.o (__aeabi_uldivmod)
/usr/lib/gcc/arm-none-eabi/7.3.1/thumb/v7e-m/fpv4-sp/hard/libgcc.a(_udivmoddi4.o)
                              /usr/lib/gcc/arm-none-eabi/7.3.1/thumb/v7e-m/fpv4-sp/hard/libgcc.a(_aeabi_uldivmod.o) (__udivmoddi4)
/usr/lib/gcc/arm-none-eabi/7.3.1/thumb/v7e-m/fpv4-sp/hard/libgcc.a(_dvmd_tls.o)
                              /usr/lib/gcc/arm-none-eabi/7.3.1/thumb/v7e-m/fpv4-sp/hard/libgcc.a(_aeabi_uldivmod.o) (__aeabi_ldiv0)

Allocating common symbols
Common symbol       size              file

myTask02ControlBlock
                    0x5c              build/main.o
defaultTaskHandle   0x4               build/main.o
ILI9341_x           0x2               build/tm_stm32f4_ili9341.o
uwTick              0x4               build/stm32f4xx_hal.o
xQueueRegistry      0x40              build/queue.o
pFlash              0x20              build/stm32f4xx_hal_flash.o
ILI9341_Opts        0x6               build/tm_stm32f4_ili9341.o
myTask02Handle      0x4               build/main.o
htim1               0x40              build/stm32f4xx_hal_timebase_tim.o
defaultTaskBuffer   0x200             build/main.o
ILI9341_y           0x2               build/tm_stm32f4_ili9341.o
hspi1               0x58              build/main.o
defaultTaskControlBlock
                    0x5c              build/main.o
lcdSPI              0x4               build/tm_stm32f4_ili9341.o
hdma_spi1_rx        0x60              build/main.o
hdma_spi1_tx        0x60              build/main.o
myTask02Buffer      0x200             build/main.o

Discarded input sections

 .text          0x0000000000000000        0x0 /usr/lib/gcc/arm-none-eabi/7.3.1/thumb/v7e-m/fpv4-sp/hard/crti.o
 .data          0x0000000000000000        0x0 /usr/lib/gcc/arm-none-eabi/7.3.1/thumb/v7e-m/fpv4-sp/hard/crti.o
 .bss           0x0000000000000000        0x0 /usr/lib/gcc/arm-none-eabi/7.3.1/thumb/v7e-m/fpv4-sp/hard/crti.o
 .data          0x0000000000000000        0x4 /usr/lib/gcc/arm-none-eabi/7.3.1/thumb/v7e-m/fpv4-sp/hard/crtbegin.o
[...]
Memory Configuration

Name             Origin             Length             Attributes
RAM              0x0000000020000000 0x0000000000020000 xrw
FLASH            0x0000000008000000 0x0000000000080000 xr
*default*        0x0000000000000000 0xffffffffffffffff

Linker script and memory map

LOAD /usr/lib/gcc/arm-none-eabi/7.3.1/thumb/v7e-m/fpv4-sp/hard/crti.o
LOAD /usr/lib/gcc/arm-none-eabi/7.3.1/thumb/v7e-m/fpv4-sp/hard/crtbegin.o
LOAD /usr/lib/gcc/arm-none-eabi/7.3.1/../../../arm-none-eabi/lib/thumb/v7e-m/fpv4-sp/hard/crt0.o
LOAD build/main.o
LOAD build/freertos.o
LOAD build/stm32f4xx_it.o
LOAD build/stm32f4xx_hal_msp.o
LOAD build/stm32f4xx_hal_timebase_tim.o
LOAD build/stm32f4xx_hal_rcc.o
LOAD build/stm32f4xx_hal_rcc_ex.o
LOAD build/stm32f4xx_hal_flash.o
LOAD build/stm32f4xx_hal_flash_ex.o
LOAD build/stm32f4xx_hal_flash_ramfunc.o
LOAD build/stm32f4xx_hal_gpio.o
LOAD build/stm32f4xx_hal_dma_ex.o
LOAD build/stm32f4xx_hal_dma.o
LOAD build/stm32f4xx_hal_pwr.o
LOAD build/stm32f4xx_hal_pwr_ex.o
LOAD build/stm32f4xx_hal_cortex.o
LOAD build/stm32f4xx_hal.o
LOAD build/stm32f4xx_hal_exti.o
LOAD build/stm32f4xx_hal_tim.o
LOAD build/stm32f4xx_hal_tim_ex.o
LOAD build/system_stm32f4xx.o
LOAD build/tm_stm32f4_ili9341.o
LOAD build/tm_stm32f4_fonts.o
LOAD build/croutine.o
LOAD build/event_groups.o
LOAD build/list.o
LOAD build/queue.o
LOAD build/stream_buffer.o
LOAD build/tasks.o
LOAD build/timers.o
LOAD build/cmsis_os2.o
LOAD build/heap_4.o
LOAD build/port.o
LOAD build/stm32f4xx_hal_spi.o
LOAD build/startup_stm32f446xx.o
LOAD /usr/lib/gcc/arm-none-eabi/7.3.1/../../../arm-none-eabi/lib/thumb/v7e-m/fpv4-sp/hard/libc_nano.a
LOAD /usr/lib/gcc/arm-none-eabi/7.3.1/../../../arm-none-eabi/lib/thumb/v7e-m/fpv4-sp/hard/libm.a
LOAD /usr/lib/gcc/arm-none-eabi/7.3.1/../../../arm-none-eabi/lib/thumb/v7e-m/fpv4-sp/hard/libnosys.a
START GROUP
LOAD /usr/lib/gcc/arm-none-eabi/7.3.1/thumb/v7e-m/fpv4-sp/hard/libgcc.a
LOAD /usr/lib/gcc/arm-none-eabi/7.3.1/../../../arm-none-eabi/lib/thumb/v7e-m/fpv4-sp/hard/libc_nano.a
END GROUP
START GROUP
LOAD /usr/lib/gcc/arm-none-eabi/7.3.1/thumb/v7e-m/fpv4-sp/hard/libgcc.a
LOAD /usr/lib/gcc/arm-none-eabi/7.3.1/../../../arm-none-eabi/lib/thumb/v7e-m/fpv4-sp/hard/libc_nano.a
END GROUP
LOAD /usr/lib/gcc/arm-none-eabi/7.3.1/thumb/v7e-m/fpv4-sp/hard/crtend.o
LOAD /usr/lib/gcc/arm-none-eabi/7.3.1/thumb/v7e-m/fpv4-sp/hard/crtn.o
                0x0000000020020000                _estack = 0x20020000
                0x0000000000000200                _Min_Heap_Size = 0x200
                0x0000000000000400                _Min_Stack_Size = 0x400

.isr_vector     0x0000000008000000      0x1c4
                0x0000000008000000                . = ALIGN (0x4)
 *(.isr_vector)
 .isr_vector    0x0000000008000000      0x1c4 build/startup_stm32f446xx.o
                0x0000000008000000                g_pfnVectors
                0x00000000080001c4                . = ALIGN (0x4)

.text           0x00000000080001d0     0x40bc
                0x00000000080001d0                . = ALIGN (0x4)
 *(.text)
 .text          0x00000000080001d0       0x88 /usr/lib/gcc/arm-none-eabi/7.3.1/thumb/v7e-m/fpv4-sp/hard/crtbegin.o
 .text          0x0000000008000258       0x48 /usr/lib/gcc/arm-none-eabi/7.3.1/../../../arm-none-eabi/lib/thumb/v7e-m/fpv4-sp/hard/libc_nano.a(lib_a-init.o)
                0x0000000008000258                __libc_init_array
 .text          0x00000000080002a0      0x134 /usr/lib/gcc/arm-none-eabi/7.3.1/../../../arm-none-eabi/lib/thumb/v7e-m/fpv4-sp/hard/libc_nano.a(lib_a-memcpy.o)
                0x00000000080002a0                memcpy
 .text          0x00000000080003d4       0x94 /usr/lib/gcc/arm-none-eabi/7.3.1/../../../arm-none-eabi/lib/thumb/v7e-m/fpv4-sp/hard/libc_nano.a(lib_a-memset.o)
                0x00000000080003d4                memset
 .text          0x0000000008000468       0x30 /usr/lib/gcc/arm-none-eabi/7.3.1/thumb/v7e-m/fpv4-sp/hard/libgcc.a(_aeabi_uldivmod.o)
                0x0000000008000468                __aeabi_uldivmod
 .text          0x0000000008000498      0x2cc /usr/lib/gcc/arm-none-eabi/7.3.1/thumb/v7e-m/fpv4-sp/hard/libgcc.a(_udivmoddi4.o)
                0x0000000008000498                __udivmoddi4
 .text          0x0000000008000764        0x4 /usr/lib/gcc/arm-none-eabi/7.3.1/thumb/v7e-m/fpv4-sp/hard/libgcc.a(_dvmd_tls.o)
                0x0000000008000764                __aeabi_ldiv0
                0x0000000008000764                __aeabi_idiv0
 *(.text*)
 .text.StartDefaultTask
                0x0000000008000768        0xc build/main.o
                0x0000000008000768                StartDefaultTask
 .text.StartTask02
                0x0000000008000774        0xc build/main.o
                0x0000000008000774                StartTask02
 .text.SystemClock_Config
                0x0000000008000780       0x94 build/main.o
                0x0000000008000780                SystemClock_Config
 .text.main     0x0000000008000814      0x180 build/main.o
                0x0000000008000814                main
 .text.HAL_TIM_PeriodElapsedCallback
                0x0000000008000994       0x18 build/main.o
                0x0000000008000994                HAL_TIM_PeriodElapsedCallback
 .text.Error_Handler
                0x00000000080009ac        0x2 build/main.o
                0x00000000080009ac                Error_Handler
 .text.NMI_Handler
                0x00000000080009ae        0x2 build/stm32f4xx_it.o
                0x00000000080009ae                NMI_Handler
 .text.HardFault_Handler
                0x00000000080009b0        0x2 build/stm32f4xx_it.o
                0x00000000080009b0                HardFault_Handler
 .text.MemManage_Handler
                0x00000000080009b2        0x2 build/stm32f4xx_it.o
                0x00000000080009b2                MemManage_Handler
 .text.BusFault_Handler
                0x00000000080009b4        0x2 build/stm32f4xx_it.o
                0x00000000080009b4                BusFault_Handler
 .text.UsageFault_Handler
                0x00000000080009b6        0x2 build/stm32f4xx_it.o
                0x00000000080009b6                UsageFault_Handler
 .text.DebugMon_Handler
                0x00000000080009b8        0x2 build/stm32f4xx_it.o
                0x00000000080009b8                DebugMon_Handler
 *fill*         0x00000000080009ba        0x2 
 .text.TIM1_UP_TIM10_IRQHandler
                0x00000000080009bc       0x10 build/stm32f4xx_it.o
                0x00000000080009bc                TIM1_UP_TIM10_IRQHandler
 .text.DMA2_Stream0_IRQHandler
                0x00000000080009cc       0x10 build/stm32f4xx_it.o
                0x00000000080009cc                DMA2_Stream0_IRQHandler
 .text.DMA2_Stream3_IRQHandler
                0x00000000080009dc       0x10 build/stm32f4xx_it.o
                0x00000000080009dc                DMA2_Stream3_IRQHandler
 .text.HAL_MspInit
                0x00000000080009ec       0x44 build/stm32f4xx_hal_msp.o
                0x00000000080009ec                HAL_MspInit
 .text.HAL_SPI_MspInit
                0x0000000008000a30       0xe8 build/stm32f4xx_hal_msp.o
                0x0000000008000a30                HAL_SPI_MspInit
 .text.HAL_InitTick
                0x0000000008000b18       0x7c build/stm32f4xx_hal_timebase_tim.o
                0x0000000008000b18                HAL_InitTick
 .text.HAL_RCC_ClockConfig
                0x0000000008000b94      0x164 build/stm32f4xx_hal_rcc.o
                0x0000000008000b94                HAL_RCC_ClockConfig
 .text.HAL_RCC_GetPCLK2Freq
                0x0000000008000cf8       0x20 build/stm32f4xx_hal_rcc.o
                0x0000000008000cf8                HAL_RCC_GetPCLK2Freq
 .text.HAL_RCC_GetClockConfig
                0x0000000008000d18       0x3c build/stm32f4xx_hal_rcc.o
                0x0000000008000d18                HAL_RCC_GetClockConfig
 .text.HAL_RCC_GetSysClockFreq
                0x0000000008000d54      0x184 build/stm32f4xx_hal_rcc_ex.o
                0x0000000008000d54                HAL_RCC_GetSysClockFreq
 .text.HAL_RCC_OscConfig
                0x0000000008000ed8      0x3cc build/stm32f4xx_hal_rcc_ex.o
                0x0000000008000ed8                HAL_RCC_OscConfig
 .text.HAL_GPIO_Init
                0x00000000080012a4      0x1d0 build/stm32f4xx_hal_gpio.o
                0x00000000080012a4                HAL_GPIO_Init
 .text.HAL_GPIO_WritePin
                0x0000000008001474        0xc build/stm32f4xx_hal_gpio.o
                0x0000000008001474                HAL_GPIO_WritePin
 .text.DMA_CalcBaseAndBitshift
                0x0000000008001480       0x30 build/stm32f4xx_hal_dma.o
 .text.HAL_DMA_Init
                0x00000000080014b0      0x128 build/stm32f4xx_hal_dma.o
                0x00000000080014b0                HAL_DMA_Init
 .text.HAL_DMA_Start_IT
                0x00000000080015d8       0x8a build/stm32f4xx_hal_dma.o
                0x00000000080015d8                HAL_DMA_Start_IT
 *fill*         0x0000000008001662        0x2 
 .text.HAL_DMA_IRQHandler
                0x0000000008001664      0x1dc build/stm32f4xx_hal_dma.o
                0x0000000008001664                HAL_DMA_IRQHandler
 .text.HAL_PWREx_EnableOverDrive
                0x0000000008001840       0x80 build/stm32f4xx_hal_pwr_ex.o
                0x0000000008001840                HAL_PWREx_EnableOverDrive
 .text.HAL_NVIC_SetPriorityGrouping
                0x00000000080018c0       0x24 build/stm32f4xx_hal_cortex.o
                0x00000000080018c0                HAL_NVIC_SetPriorityGrouping
 .text.HAL_NVIC_SetPriority
                0x00000000080018e4       0x64 build/stm32f4xx_hal_cortex.o
                0x00000000080018e4                HAL_NVIC_SetPriority
 .text.HAL_NVIC_EnableIRQ
                0x0000000008001948       0x1c build/stm32f4xx_hal_cortex.o
                0x0000000008001948                HAL_NVIC_EnableIRQ
 .text.HAL_Init
                0x0000000008001964       0x34 build/stm32f4xx_hal.o
                0x0000000008001964                HAL_Init
 .text.HAL_IncTick
                0x0000000008001998       0x18 build/stm32f4xx_hal.o
                0x0000000008001998                HAL_IncTick
 .text.HAL_GetTick
                0x00000000080019b0        0xc build/stm32f4xx_hal.o
                0x00000000080019b0                HAL_GetTick
 .text.HAL_TIM_Base_MspInit
                0x00000000080019bc        0x2 build/stm32f4xx_hal_tim.o
                0x00000000080019bc                HAL_TIM_Base_MspInit
 .text.HAL_TIM_Base_Start_IT
                0x00000000080019be       0x22 build/stm32f4xx_hal_tim.o
                0x00000000080019be                HAL_TIM_Base_Start_IT
 .text.HAL_TIM_OC_DelayElapsedCallback
                0x00000000080019e0        0x2 build/stm32f4xx_hal_tim.o
                0x00000000080019e0                HAL_TIM_OC_DelayElapsedCallback
 .text.HAL_TIM_IC_CaptureCallback
                0x00000000080019e2        0x2 build/stm32f4xx_hal_tim.o
                0x00000000080019e2                HAL_TIM_IC_CaptureCallback
 .text.HAL_TIM_PWM_PulseFinishedCallback
                0x00000000080019e4        0x2 build/stm32f4xx_hal_tim.o
                0x00000000080019e4                HAL_TIM_PWM_PulseFinishedCallback
 .text.HAL_TIM_TriggerCallback
                0x00000000080019e6        0x2 build/stm32f4xx_hal_tim.o
                0x00000000080019e6                HAL_TIM_TriggerCallback
 .text.HAL_TIM_IRQHandler
                0x00000000080019e8      0x17a build/stm32f4xx_hal_tim.o
                0x00000000080019e8                HAL_TIM_IRQHandler
 *fill*         0x0000000008001b62        0x2 
 .text.TIM_Base_SetConfig
                0x0000000008001b64      0x100 build/stm32f4xx_hal_tim.o
                0x0000000008001b64                TIM_Base_SetConfig
 .text.HAL_TIM_Base_Init
                0x0000000008001c64       0x32 build/stm32f4xx_hal_tim.o
                0x0000000008001c64                HAL_TIM_Base_Init
 .text.HAL_TIMEx_CommutCallback
                0x0000000008001c96        0x2 build/stm32f4xx_hal_tim_ex.o
                0x0000000008001c96                HAL_TIMEx_CommutCallback
 .text.HAL_TIMEx_BreakCallback
                0x0000000008001c98        0x2 build/stm32f4xx_hal_tim_ex.o
                0x0000000008001c98                HAL_TIMEx_BreakCallback
 *fill*         0x0000000008001c9a        0x2 
 .text.SystemInit
                0x0000000008001c9c       0x1c build/system_stm32f4xx.o
                0x0000000008001c9c                SystemInit
 .text.TM_ILI9341_SendCommand
                0x0000000008001cb8       0x4c build/tm_stm32f4_ili9341.o
                0x0000000008001cb8                TM_ILI9341_SendCommand
 .text.TM_ILI9341_SendData
                0x0000000008001d04       0x4c build/tm_stm32f4_ili9341.o
                0x0000000008001d04                TM_ILI9341_SendData
 .text.TM_ILI9341_SetCursorPosition
                0x0000000008001d50       0x48 build/tm_stm32f4_ili9341.o
                0x0000000008001d50                TM_ILI9341_SetCursorPosition
 .text.TM_ILI9341_INT_Fill
                0x0000000008001d98       0xc0 build/tm_stm32f4_ili9341.o
                0x0000000008001d98                TM_ILI9341_INT_Fill
 .text.TM_ILI9341_Fill
                0x0000000008001e58       0x24 build/tm_stm32f4_ili9341.o
                0x0000000008001e58                TM_ILI9341_Fill
 .text.TM_ILI9341_Delay
                0x0000000008001e7c       0x18 build/tm_stm32f4_ili9341.o
                0x0000000008001e7c                TM_ILI9341_Delay
 .text.TM_ILI9341_InitLCD
                0x0000000008001e94      0x25c build/tm_stm32f4_ili9341.o
                0x0000000008001e94                TM_ILI9341_InitLCD
 .text.TM_ILI9341_Init
                0x00000000080020f0       0x78 build/tm_stm32f4_ili9341.o
                0x00000000080020f0                TM_ILI9341_Init
 .text.vListInitialise
                0x0000000008002168       0x16 build/list.o
                0x0000000008002168                vListInitialise
 .text.vListInitialiseItem
                0x000000000800217e        0x6 build/list.o
                0x000000000800217e                vListInitialiseItem
 .text.vListInsertEnd
                0x0000000008002184       0x18 build/list.o
                0x0000000008002184                vListInsertEnd
 .text.vListInsert
                0x000000000800219c       0x34 build/list.o
                0x000000000800219c                vListInsert
 .text.uxListRemove
                0x00000000080021d0       0x26 build/list.o
                0x00000000080021d0                uxListRemove
 .text.prvIsQueueEmpty
                0x00000000080021f6       0x16 build/queue.o
 .text.prvCopyDataToQueue
                0x000000000800220c       0x76 build/queue.o
 .text.prvCopyDataFromQueue
                0x0000000008002282       0x24 build/queue.o
 .text.prvUnlockQueue
                0x00000000080022a6       0x7e build/queue.o
 .text.xQueueGenericReset
                0x0000000008002324       0x84 build/queue.o
                0x0000000008002324                xQueueGenericReset
 .text.xQueueGenericCreateStatic
                0x00000000080023a8       0xae build/queue.o
                0x00000000080023a8                xQueueGenericCreateStatic
 *fill*         0x0000000008002456        0x2 
 .text.xQueueGenericSend
                0x0000000008002458      0x188 build/queue.o
                0x0000000008002458                xQueueGenericSend
 .text.xQueueGenericSendFromISR
                0x00000000080025e0       0xcc build/queue.o
                0x00000000080025e0                xQueueGenericSendFromISR
 .text.xQueueReceive
                0x00000000080026ac      0x15c build/queue.o
                0x00000000080026ac                xQueueReceive
 .text.vQueueAddToRegistry
                0x0000000008002808       0x34 build/queue.o
                0x0000000008002808                vQueueAddToRegistry
 .text.vQueueWaitForMessageRestricted
                0x000000000800283c       0x4e build/queue.o
                0x000000000800283c                vQueueWaitForMessageRestricted
 *fill*         0x000000000800288a        0x2 
 .text.prvResetNextTaskUnblockTime
                0x000000000800288c       0x2c build/tasks.o
 .text.prvInitialiseNewTask
                0x00000000080028b8       0x94 build/tasks.o
 .text.prvAddNewTaskToReadyList
                0x000000000800294c      0x100 build/tasks.o
 .text.prvDeleteTCB
                0x0000000008002a4c       0x38 build/tasks.o
 .text.prvIdleTask
                0x0000000008002a84       0x68 build/tasks.o
 .text.prvAddCurrentTaskToDelayedList
                0x0000000008002aec       0x7c build/tasks.o
 .text.xTaskCreateStatic
                0x0000000008002b68       0x72 build/tasks.o
                0x0000000008002b68                xTaskCreateStatic
 .text.xTaskCreate
                0x0000000008002bda       0x62 build/tasks.o
                0x0000000008002bda                xTaskCreate
 .text.vTaskStartScheduler
                0x0000000008002c3c       0x8c build/tasks.o
                0x0000000008002c3c                vTaskStartScheduler
 .text.vTaskSuspendAll
                0x0000000008002cc8       0x10 build/tasks.o
                0x0000000008002cc8                vTaskSuspendAll
 .text.xTaskGetTickCount
                0x0000000008002cd8        0xc build/tasks.o
                0x0000000008002cd8                xTaskGetTickCount
 .text.xTaskIncrementTick
                0x0000000008002ce4      0x128 build/tasks.o
                0x0000000008002ce4                xTaskIncrementTick
 .text.xTaskResumeAll
                0x0000000008002e0c       0xf8 build/tasks.o
                0x0000000008002e0c                xTaskResumeAll
 .text.vTaskDelay
                0x0000000008002f04       0x4c build/tasks.o
                0x0000000008002f04                vTaskDelay
 .text.vTaskSwitchContext
                0x0000000008002f50       0xa4 build/tasks.o
                0x0000000008002f50                vTaskSwitchContext
 .text.vTaskPlaceOnEventList
                0x0000000008002ff4       0x30 build/tasks.o
                0x0000000008002ff4                vTaskPlaceOnEventList
 .text.vTaskPlaceOnEventListRestricted
                0x0000000008003024       0x3c build/tasks.o
                0x0000000008003024                vTaskPlaceOnEventListRestricted
 .text.xTaskRemoveFromEventList
                0x0000000008003060       0x88 build/tasks.o
                0x0000000008003060                xTaskRemoveFromEventList
 .text.vTaskInternalSetTimeOutState
                0x00000000080030e8       0x18 build/tasks.o
                0x00000000080030e8                vTaskInternalSetTimeOutState
 .text.xTaskCheckForTimeOut
                0x0000000008003100       0x80 build/tasks.o
                0x0000000008003100                xTaskCheckForTimeOut
 .text.vTaskMissedYield
                0x0000000008003180        0xc build/tasks.o
                0x0000000008003180                vTaskMissedYield
 .text.xTaskGetSchedulerState
                0x000000000800318c       0x20 build/tasks.o
                0x000000000800318c                xTaskGetSchedulerState
 .text.xTaskPriorityDisinherit
                0x00000000080031ac       0x90 build/tasks.o
                0x00000000080031ac                xTaskPriorityDisinherit
 .text.prvInsertTimerInActiveList
                0x000000000800323c       0x48 build/timers.o
 .text.prvCheckForValidListAndQueue
                0x0000000008003284       0x70 build/timers.o
 .text.xTimerCreateTimerTask
                0x00000000080032f4       0x64 build/timers.o
                0x00000000080032f4                xTimerCreateTimerTask
 .text.xTimerGenericCommand
                0x0000000008003358       0x60 build/timers.o
                0x0000000008003358                xTimerGenericCommand
 .text.prvSampleTimeNow
                0x00000000080033b8       0xa8 build/timers.o
 .text.prvTimerTask
                0x0000000008003460      0x1d0 build/timers.o
 .text.osKernelInitialize
                0x0000000008003630       0x48 build/cmsis_os2.o
                0x0000000008003630                osKernelInitialize
 .text.osKernelStart
                0x0000000008003678       0x50 build/cmsis_os2.o
                0x0000000008003678                osKernelStart
 .text.osThreadNew
                0x00000000080036c8       0xd0 build/cmsis_os2.o
                0x00000000080036c8                osThreadNew
 .text.osDelay  0x0000000008003798       0x44 build/cmsis_os2.o
                0x0000000008003798                osDelay
 .text.vApplicationGetIdleTaskMemory
                0x00000000080037dc       0x18 build/cmsis_os2.o
                0x00000000080037dc                vApplicationGetIdleTaskMemory
 .text.vApplicationGetTimerTaskMemory
                0x00000000080037f4       0x18 build/cmsis_os2.o
                0x00000000080037f4                vApplicationGetTimerTaskMemory
 .text.prvInsertBlockIntoFreeList
                0x000000000800380c       0x58 build/heap_4.o
 .text.pvPortMalloc
                0x0000000008003864      0x134 build/heap_4.o
                0x0000000008003864                pvPortMalloc
 .text.vPortFree
                0x0000000008003998       0x6c build/heap_4.o
                0x0000000008003998                vPortFree
 .text.prvTaskExitError
                0x0000000008003a04       0x40 build/port.o
 .text.prvPortStartFirstTask
                0x0000000008003a44       0x28 build/port.o
 .text.vPortEnableVFP
                0x0000000008003a6c       0x14 build/port.o
 .text.pxPortInitialiseStack
                0x0000000008003a80       0x2c build/port.o
                0x0000000008003a80                pxPortInitialiseStack
 *fill*         0x0000000008003aac        0x4 
 .text.SVC_Handler
                0x0000000008003ab0       0x24 build/port.o
                0x0000000008003ab0                SVC_Handler
 .text.vPortEnterCritical
                0x0000000008003ad4       0x44 build/port.o
                0x0000000008003ad4                vPortEnterCritical
 .text.vPortExitCritical
                0x0000000008003b18       0x2c build/port.o
                0x0000000008003b18                vPortExitCritical
 *fill*         0x0000000008003b44        0xc 
 .text.PendSV_Handler
                0x0000000008003b50       0x64 build/port.o
                0x0000000008003b50                PendSV_Handler
 .text.SysTick_Handler
                0x0000000008003bb4       0x2c build/port.o
                0x0000000008003bb4                SysTick_Handler
 .text.vPortSetupTimerInterrupt
                0x0000000008003be0       0x38 build/port.o
                0x0000000008003be0                vPortSetupTimerInterrupt
 .text.xPortStartScheduler
                0x0000000008003c18      0x118 build/port.o
                0x0000000008003c18                xPortStartScheduler
 .text.vPortValidateInterruptPriority
                0x0000000008003d30       0x5c build/port.o
                0x0000000008003d30                vPortValidateInterruptPriority
 .text.SPI_WaitFlagStateUntilTimeout
                0x0000000008003d8c       0x90 build/stm32f4xx_hal_spi.o
 .text.SPI_EndRxTxTransaction
                0x0000000008003e1c       0x68 build/stm32f4xx_hal_spi.o
 .text.HAL_SPI_Init
                0x0000000008003e84       0x80 build/stm32f4xx_hal_spi.o
                0x0000000008003e84                HAL_SPI_Init
 .text.HAL_SPI_Transmit
                0x0000000008003f04      0x198 build/stm32f4xx_hal_spi.o
                0x0000000008003f04                HAL_SPI_Transmit
 .text.HAL_SPI_Transmit_DMA
                0x000000000800409c       0xdc build/stm32f4xx_hal_spi.o
                0x000000000800409c                HAL_SPI_Transmit_DMA
 .text.HAL_SPI_TxCpltCallback
                0x0000000008004178        0x2 build/stm32f4xx_hal_spi.o
                0x0000000008004178                HAL_SPI_TxCpltCallback
 .text.HAL_SPI_TxHalfCpltCallback
                0x000000000800417a        0x2 build/stm32f4xx_hal_spi.o
                0x000000000800417a                HAL_SPI_TxHalfCpltCallback
 .text.SPI_DMAHalfTransmitCplt
                0x000000000800417c        0xa build/stm32f4xx_hal_spi.o
 .text.HAL_SPI_ErrorCallback
                0x0000000008004186        0x2 build/stm32f4xx_hal_spi.o
                0x0000000008004186                HAL_SPI_ErrorCallback
 .text.SPI_DMAError
                0x0000000008004188       0x22 build/stm32f4xx_hal_spi.o
 .text.SPI_DMATransmitCplt
                0x00000000080041aa       0x70 build/stm32f4xx_hal_spi.o
 .text.HAL_SPI_GetState
                0x000000000800421a        0x6 build/stm32f4xx_hal_spi.o
                0x000000000800421a                HAL_SPI_GetState
 .text.Reset_Handler
                0x0000000008004220       0x50 build/startup_stm32f446xx.o
                0x0000000008004220                Reset_Handler
 .text.Default_Handler
                0x0000000008004270        0x2 build/startup_stm32f446xx.o
                0x0000000008004270                RTC_Alarm_IRQHandler
                0x0000000008004270                EXTI2_IRQHandler
                0x0000000008004270                TIM8_CC_IRQHandler
                0x0000000008004270                FMPI2C1_EV_IRQHandler
                0x0000000008004270                SPI4_IRQHandler
                0x0000000008004270                TIM1_CC_IRQHandler
                0x0000000008004270                DMA2_Stream5_IRQHandler
                0x0000000008004270                DMA1_Stream5_IRQHandler
                0x0000000008004270                PVD_IRQHandler
                0x0000000008004270                SDIO_IRQHandler
                0x0000000008004270                TAMP_STAMP_IRQHandler
                0x0000000008004270                CAN2_RX1_IRQHandler
                0x0000000008004270                EXTI3_IRQHandler
                0x0000000008004270                TIM8_TRG_COM_TIM14_IRQHandler
                0x0000000008004270                TIM8_UP_TIM13_IRQHandler
                0x0000000008004270                I2C3_ER_IRQHandler
                0x0000000008004270                EXTI0_IRQHandler
                0x0000000008004270                I2C2_EV_IRQHandler
                0x0000000008004270                DMA1_Stream2_IRQHandler
                0x0000000008004270                CAN1_RX0_IRQHandler
                0x0000000008004270                FPU_IRQHandler
                0x0000000008004270                OTG_HS_WKUP_IRQHandler
                0x0000000008004270                CAN2_SCE_IRQHandler
                0x0000000008004270                DMA2_Stream2_IRQHandler
                0x0000000008004270                SPI1_IRQHandler
                0x0000000008004270                TIM6_DAC_IRQHandler
                0x0000000008004270                TIM1_BRK_TIM9_IRQHandler
                0x0000000008004270                DCMI_IRQHandler
                0x0000000008004270                CAN2_RX0_IRQHandler
                0x0000000008004270                SAI2_IRQHandler
                0x0000000008004270                USART6_IRQHandler
                0x0000000008004270                USART3_IRQHandler
                0x0000000008004270                CAN1_RX1_IRQHandler
                0x0000000008004270                UART5_IRQHandler
                0x0000000008004270                TIM4_IRQHandler
                0x0000000008004270                QUADSPI_IRQHandler
                0x0000000008004270                I2C1_EV_IRQHandler
                0x0000000008004270                DMA1_Stream6_IRQHandler
                0x0000000008004270                DMA1_Stream1_IRQHandler
                0x0000000008004270                UART4_IRQHandler
                0x0000000008004270                TIM3_IRQHandler
                0x0000000008004270                RCC_IRQHandler
                0x0000000008004270                TIM8_BRK_TIM12_IRQHandler
                0x0000000008004270                Default_Handler
                0x0000000008004270                CEC_IRQHandler
                0x0000000008004270                EXTI15_10_IRQHandler
                0x0000000008004270                ADC_IRQHandler
                0x0000000008004270                DMA1_Stream7_IRQHandler
                0x0000000008004270                TIM7_IRQHandler
                0x0000000008004270                CAN2_TX_IRQHandler
                0x0000000008004270                TIM5_IRQHandler
                0x0000000008004270                DMA2_Stream7_IRQHandler
                0x0000000008004270                I2C3_EV_IRQHandler
                0x0000000008004270                EXTI9_5_IRQHandler
                0x0000000008004270                RTC_WKUP_IRQHandler
                0x0000000008004270                SPDIF_RX_IRQHandler
                0x0000000008004270                SPI2_IRQHandler
                0x0000000008004270                OTG_HS_EP1_IN_IRQHandler
                0x0000000008004270                DMA1_Stream0_IRQHandler
                0x0000000008004270                CAN1_TX_IRQHandler
                0x0000000008004270                FMPI2C1_ER_IRQHandler
                0x0000000008004270                EXTI4_IRQHandler
                0x0000000008004270                OTG_HS_EP1_OUT_IRQHandler
                0x0000000008004270                WWDG_IRQHandler
                0x0000000008004270                TIM2_IRQHandler
                0x0000000008004270                OTG_FS_WKUP_IRQHandler
                0x0000000008004270                TIM1_TRG_COM_TIM11_IRQHandler
                0x0000000008004270                OTG_HS_IRQHandler
                0x0000000008004270                EXTI1_IRQHandler
                0x0000000008004270                USART2_IRQHandler
                0x0000000008004270                I2C2_ER_IRQHandler
                0x0000000008004270                DMA2_Stream1_IRQHandler
                0x0000000008004270                CAN1_SCE_IRQHandler
                0x0000000008004270                FLASH_IRQHandler
                0x0000000008004270                DMA2_Stream4_IRQHandler
                0x0000000008004270                USART1_IRQHandler
                0x0000000008004270                OTG_FS_IRQHandler
                0x0000000008004270                SPI3_IRQHandler
                0x0000000008004270                DMA1_Stream4_IRQHandler
                0x0000000008004270                I2C1_ER_IRQHandler
                0x0000000008004270                FMC_IRQHandler
                0x0000000008004270                DMA2_Stream6_IRQHandler
                0x0000000008004270                SAI1_IRQHandler
                0x0000000008004270                DMA1_Stream3_IRQHandler
 *(.glue_7)
 .glue_7        0x0000000008004272        0x0 linker stubs
 *(.glue_7t)
 .glue_7t       0x0000000008004272        0x0 linker stubs
 *(.eh_frame)
 *fill*         0x0000000008004272        0x2 
 .eh_frame      0x0000000008004274        0x0 /usr/lib/gcc/arm-none-eabi/7.3.1/thumb/v7e-m/fpv4-sp/hard/crtbegin.o
 *(.init)
 .init          0x0000000008004274        0x4 /usr/lib/gcc/arm-none-eabi/7.3.1/thumb/v7e-m/fpv4-sp/hard/crti.o
                0x0000000008004274                _init
 .init          0x0000000008004278        0x8 /usr/lib/gcc/arm-none-eabi/7.3.1/thumb/v7e-m/fpv4-sp/hard/crtn.o
 *(.fini)
 .fini          0x0000000008004280        0x4 /usr/lib/gcc/arm-none-eabi/7.3.1/thumb/v7e-m/fpv4-sp/hard/crti.o
                0x0000000008004280                _fini
 .fini          0x0000000008004284        0x8 /usr/lib/gcc/arm-none-eabi/7.3.1/thumb/v7e-m/fpv4-sp/hard/crtn.o
                0x000000000800428c                . = ALIGN (0x4)
                0x000000000800428c                _etext = .

.vfp11_veneer   0x000000000800428c        0x0
 .vfp11_veneer  0x000000000800428c        0x0 linker stubs

.v4_bx          0x000000000800428c        0x0
 .v4_bx         0x000000000800428c        0x0 linker stubs

.iplt           0x000000000800428c        0x0
 .iplt          0x000000000800428c        0x0 /usr/lib/gcc/arm-none-eabi/7.3.1/thumb/v7e-m/fpv4-sp/hard/crtbegin.o

.rodata         0x000000000800428c       0x50
                0x000000000800428c                . = ALIGN (0x4)
 *(.rodata)
 *(.rodata*)
 .rodata.main.str1.4
                0x000000000800428c       0x15 build/main.o
 *fill*         0x00000000080042a1        0x3 
 .rodata.flagBitshiftOffset.8169
                0x00000000080042a4        0x8 build/stm32f4xx_hal_dma.o
 .rodata.AHBPrescTable
                0x00000000080042ac       0x10 build/system_stm32f4xx.o
                0x00000000080042ac                AHBPrescTable
 .rodata.APBPrescTable
                0x00000000080042bc        0x8 build/system_stm32f4xx.o
                0x00000000080042bc                APBPrescTable
 .rodata.vTaskStartScheduler.str1.4
                0x00000000080042c4        0x5 build/tasks.o
 *fill*         0x00000000080042c9        0x3 
 .rodata.prvCheckForValidListAndQueue.str1.4
                0x00000000080042cc        0x5 build/timers.o
 *fill*         0x00000000080042d1        0x3 
 .rodata.xTimerCreateTimerTask.str1.4
                0x00000000080042d4        0x8 build/timers.o
                0x00000000080042dc                . = ALIGN (0x4)

.ARM.extab
 *(.ARM.extab* .gnu.linkonce.armextab.*)

.ARM            0x00000000080042dc        0x8
                0x00000000080042dc                __exidx_start = .
 *(.ARM.exidx*)
 .ARM.exidx     0x00000000080042dc        0x8 /usr/lib/gcc/arm-none-eabi/7.3.1/thumb/v7e-m/fpv4-sp/hard/libgcc.a(_udivmoddi4.o)
                0x00000000080042e4                __exidx_end = .

.rel.dyn        0x00000000080042e4        0x0
 .rel.iplt      0x00000000080042e4        0x0 /usr/lib/gcc/arm-none-eabi/7.3.1/thumb/v7e-m/fpv4-sp/hard/crtbegin.o

.preinit_array  0x00000000080042e4        0x0
                0x00000000080042e4                PROVIDE (__preinit_array_start = .)
 *(.preinit_array*)
                0x00000000080042e4                PROVIDE (__preinit_array_end = .)

.init_array     0x00000000080042e4        0x4
                0x00000000080042e4                PROVIDE (__init_array_start = .)
 *(SORT_BY_NAME(.init_array.*))
 *(.init_array*)
 .init_array    0x00000000080042e4        0x4 /usr/lib/gcc/arm-none-eabi/7.3.1/thumb/v7e-m/fpv4-sp/hard/crtbegin.o
                0x00000000080042e8                PROVIDE (__init_array_end = .)

.fini_array     0x00000000080042e8        0x4
                0x00000000080042e8                PROVIDE (__fini_array_start = .)
 *(SORT_BY_NAME(.fini_array.*))
 *(.fini_array*)
 .fini_array    0x00000000080042e8        0x4 /usr/lib/gcc/arm-none-eabi/7.3.1/thumb/v7e-m/fpv4-sp/hard/crtbegin.o
                0x00000000080042ec                PROVIDE (__fini_array_end = .)
                0x00000000080042ec                _sidata = LOADADDR (.data)

.data           0x0000000020000000       0x10 load address 0x00000000080042ec
                0x0000000020000000                . = ALIGN (0x4)
                0x0000000020000000                _sdata = .
 *(.data)
 *(.data*)
 .data.uwTickFreq
                0x0000000020000000        0x1 build/stm32f4xx_hal.o
                0x0000000020000000                uwTickFreq
 *fill*         0x0000000020000001        0x3 
 .data.uwTickPrio
                0x0000000020000004        0x4 build/stm32f4xx_hal.o
                0x0000000020000004                uwTickPrio
 .data.SystemCoreClock
                0x0000000020000008        0x4 build/system_stm32f4xx.o
                0x0000000020000008                SystemCoreClock
 .data.uxCriticalNesting
                0x000000002000000c        0x4 build/port.o
                0x0000000020000010                . = ALIGN (0x4)
                0x0000000020000010                _edata = .

.tm_clone_table
                0x0000000020000010        0x0 load address 0x00000000080042fc
 .tm_clone_table
                0x0000000020000010        0x0 /usr/lib/gcc/arm-none-eabi/7.3.1/thumb/v7e-m/fpv4-sp/hard/crtbegin.o
 .tm_clone_table
                0x0000000020000010        0x0 /usr/lib/gcc/arm-none-eabi/7.3.1/thumb/v7e-m/fpv4-sp/hard/crtend.o

.igot.plt       0x0000000020000010        0x0 load address 0x00000000080042fc
 .igot.plt      0x0000000020000010        0x0 /usr/lib/gcc/arm-none-eabi/7.3.1/thumb/v7e-m/fpv4-sp/hard/crtbegin.o
                0x0000000020000010                . = ALIGN (0x4)

.bss            0x0000000020000010     0x4f8c load address 0x00000000080042fc
                0x0000000020000010                _sbss = .
                0x0000000020000010                __bss_start__ = _sbss
 *(.bss)
 .bss           0x0000000020000010       0x1c /usr/lib/gcc/arm-none-eabi/7.3.1/thumb/v7e-m/fpv4-sp/hard/crtbegin.o
 *(.bss*)
 .bss.pxCurrentTCB
                0x000000002000002c        0x4 build/tasks.o
                0x000000002000002c                pxCurrentTCB
 .bss.pxDelayedTaskList
                0x0000000020000030        0x4 build/tasks.o
 .bss.pxOverflowDelayedTaskList
                0x0000000020000034        0x4 build/tasks.o
 .bss.pxReadyTasksLists
                0x0000000020000038      0x460 build/tasks.o
 .bss.uxCurrentNumberOfTasks
                0x0000000020000498        0x4 build/tasks.o
 .bss.uxDeletedTasksWaitingCleanUp
                0x000000002000049c        0x4 build/tasks.o
 .bss.uxPendedTicks
                0x00000000200004a0        0x4 build/tasks.o
 .bss.uxSchedulerSuspended
                0x00000000200004a4        0x4 build/tasks.o
 .bss.uxTaskNumber
                0x00000000200004a8        0x4 build/tasks.o
 .bss.uxTopReadyPriority
                0x00000000200004ac        0x4 build/tasks.o
 .bss.xDelayedTaskList1
                0x00000000200004b0       0x14 build/tasks.o
 .bss.xDelayedTaskList2
                0x00000000200004c4       0x14 build/tasks.o
 .bss.xNextTaskUnblockTime
                0x00000000200004d8        0x4 build/tasks.o
 .bss.xNumOfOverflows
                0x00000000200004dc        0x4 build/tasks.o
 .bss.xPendingReadyList
                0x00000000200004e0       0x14 build/tasks.o
 .bss.xSchedulerRunning
                0x00000000200004f4        0x4 build/tasks.o
 .bss.xSuspendedTaskList
                0x00000000200004f8       0x14 build/tasks.o
 .bss.xTasksWaitingTermination
                0x000000002000050c       0x14 build/tasks.o
 .bss.xTickCount
                0x0000000020000520        0x4 build/tasks.o
 .bss.xYieldPending
                0x0000000020000524        0x4 build/tasks.o
 .bss.pxCurrentTimerList
                0x0000000020000528        0x4 build/timers.o
 .bss.pxOverflowTimerList
                0x000000002000052c        0x4 build/timers.o
 .bss.ucStaticTimerQueueStorage.6772
                0x0000000020000530       0xa0 build/timers.o
 .bss.xActiveTimerList1
                0x00000000200005d0       0x14 build/timers.o
 .bss.xActiveTimerList2
                0x00000000200005e4       0x14 build/timers.o
 .bss.xLastTime.6721
                0x00000000200005f8        0x4 build/timers.o
 .bss.xStaticTimerQueue.6771
                0x00000000200005fc       0x50 build/timers.o
 .bss.xTimerQueue
                0x000000002000064c        0x4 build/timers.o
 .bss.xTimerTaskHandle
                0x0000000020000650        0x4 build/timers.o
 .bss.Idle_Stack
                0x0000000020000654      0x200 build/cmsis_os2.o
 .bss.Idle_TCB  0x0000000020000854       0x5c build/cmsis_os2.o
 .bss.KernelState
                0x00000000200008b0        0x4 build/cmsis_os2.o
 .bss.Timer_Stack
                0x00000000200008b4      0x400 build/cmsis_os2.o
 .bss.Timer_TCB
                0x0000000020000cb4       0x5c build/cmsis_os2.o
 .bss.pxEnd     0x0000000020000d10        0x4 build/heap_4.o
 .bss.ucHeap    0x0000000020000d14     0x3c00 build/heap_4.o
 .bss.xBlockAllocatedBit
                0x0000000020004914        0x4 build/heap_4.o
 .bss.xFreeBytesRemaining
                0x0000000020004918        0x4 build/heap_4.o
 .bss.xMinimumEverFreeBytesRemaining
                0x000000002000491c        0x4 build/heap_4.o
 .bss.xStart    0x0000000020004920        0x8 build/heap_4.o
 .bss.ucMaxSysCallPriority
                0x0000000020004928        0x1 build/port.o
 *fill*         0x0000000020004929        0x3 
 .bss.ulMaxPRIGROUPValue
                0x000000002000492c        0x4 build/port.o
 *(COMMON)
 COMMON         0x0000000020004930      0x5d8 build/main.o
                0x0000000020004930                myTask02ControlBlock
                0x000000002000498c                defaultTaskHandle
                0x0000000020004990                myTask02Handle
                0x0000000020004994                defaultTaskBuffer
                0x0000000020004b94                hspi1
                0x0000000020004bec                defaultTaskControlBlock
                0x0000000020004c48                hdma_spi1_rx
                0x0000000020004ca8                hdma_spi1_tx
                0x0000000020004d08                myTask02Buffer
 COMMON         0x0000000020004f08       0x40 build/stm32f4xx_hal_timebase_tim.o
                0x0000000020004f08                htim1
 COMMON         0x0000000020004f48        0x4 build/stm32f4xx_hal.o
                0x0000000020004f48                uwTick
 COMMON         0x0000000020004f4c       0x10 build/tm_stm32f4_ili9341.o
                0x0000000020004f4c                ILI9341_x
                0x0000000020004f50                ILI9341_Opts
                0x0000000020004f56                ILI9341_y
                0x0000000020004f58                lcdSPI
 COMMON         0x0000000020004f5c       0x40 build/queue.o
                0x0000000020004f5c                xQueueRegistry
                0x0000000020004f9c                . = ALIGN (0x4)
                0x0000000020004f9c                _ebss = .
                0x0000000020004f9c                __bss_end__ = _ebss

._user_heap_stack
                0x0000000020004f9c      0x604 load address 0x00000000080042fc
                0x0000000020004fa0                . = ALIGN (0x8)
 *fill*         0x0000000020004f9c        0x4 
                [!provide]                        PROVIDE (end = .)
                [!provide]                        PROVIDE (_end = .)
                0x00000000200051a0                . = (. + _Min_Heap_Size)
 *fill*         0x0000000020004fa0      0x200 
                0x00000000200055a0                . = (. + _Min_Stack_Size)
 *fill*         0x00000000200051a0      0x400 
                0x00000000200055a0                . = ALIGN (0x8)

/DISCARD/
 libc.a(*)
 libm.a(*)
 libgcc.a(*)

.ARM.attributes
                0x0000000000000000       0x30
 *(.ARM.attributes)
 .ARM.attributes
                0x0000000000000000       0x22 /usr/lib/gcc/arm-none-eabi/7.3.1/thumb/v7e-m/fpv4-sp/hard/crti.o
 .ARM.attributes
                0x0000000000000022       0x34 /usr/lib/gcc/arm-none-eabi/7.3.1/thumb/v7e-m/fpv4-sp/hard/crtbegin.o
 .ARM.attributes
                0x0000000000000056       0x39 build/main.o
 .ARM.attributes
                0x000000000000008f       0x39 build/stm32f4xx_it.o
 .ARM.attributes
                0x00000000000000c8       0x39 build/stm32f4xx_hal_msp.o
 .ARM.attributes
                0x0000000000000101       0x39 build/stm32f4xx_hal_timebase_tim.o
 .ARM.attributes
                0x000000000000013a       0x39 build/stm32f4xx_hal_rcc.o
 .ARM.attributes
                0x0000000000000173       0x39 build/stm32f4xx_hal_rcc_ex.o
 .ARM.attributes
                0x00000000000001ac       0x39 build/stm32f4xx_hal_gpio.o
 .ARM.attributes
                0x00000000000001e5       0x39 build/stm32f4xx_hal_dma.o
 .ARM.attributes
                0x000000000000021e       0x39 build/stm32f4xx_hal_pwr_ex.o
 .ARM.attributes
                0x0000000000000257       0x39 build/stm32f4xx_hal_cortex.o
 .ARM.attributes
                0x0000000000000290       0x39 build/stm32f4xx_hal.o
 .ARM.attributes
                0x00000000000002c9       0x39 build/stm32f4xx_hal_tim.o
 .ARM.attributes
                0x0000000000000302       0x39 build/stm32f4xx_hal_tim_ex.o
 .ARM.attributes
                0x000000000000033b       0x39 build/system_stm32f4xx.o
 .ARM.attributes
                0x0000000000000374       0x39 build/tm_stm32f4_ili9341.o
 .ARM.attributes
                0x00000000000003ad       0x39 build/list.o
 .ARM.attributes
                0x00000000000003e6       0x39 build/queue.o
 .ARM.attributes
                0x000000000000041f       0x39 build/tasks.o
 .ARM.attributes
                0x0000000000000458       0x39 build/timers.o
 .ARM.attributes
                0x0000000000000491       0x39 build/cmsis_os2.o
 .ARM.attributes
                0x00000000000004ca       0x39 build/heap_4.o
 .ARM.attributes
                0x0000000000000503       0x39 build/port.o
 .ARM.attributes
                0x000000000000053c       0x39 build/stm32f4xx_hal_spi.o
 .ARM.attributes
                0x0000000000000575       0x21 build/startup_stm32f446xx.o
 .ARM.attributes
                0x0000000000000596       0x34 /usr/lib/gcc/arm-none-eabi/7.3.1/../../../arm-none-eabi/lib/thumb/v7e-m/fpv4-sp/hard/libc_nano.a(lib_a-init.o)
 .ARM.attributes
                0x00000000000005ca       0x20 /usr/lib/gcc/arm-none-eabi/7.3.1/../../../arm-none-eabi/lib/thumb/v7e-m/fpv4-sp/hard/libc_nano.a(lib_a-memcpy.o)
 .ARM.attributes
                0x00000000000005ea       0x34 /usr/lib/gcc/arm-none-eabi/7.3.1/../../../arm-none-eabi/lib/thumb/v7e-m/fpv4-sp/hard/libc_nano.a(lib_a-memset.o)
 .ARM.attributes
                0x000000000000061e       0x22 /usr/lib/gcc/arm-none-eabi/7.3.1/thumb/v7e-m/fpv4-sp/hard/libgcc.a(_aeabi_uldivmod.o)
 .ARM.attributes
                0x0000000000000640       0x34 /usr/lib/gcc/arm-none-eabi/7.3.1/thumb/v7e-m/fpv4-sp/hard/libgcc.a(_udivmoddi4.o)
 .ARM.attributes
                0x0000000000000674       0x22 /usr/lib/gcc/arm-none-eabi/7.3.1/thumb/v7e-m/fpv4-sp/hard/libgcc.a(_dvmd_tls.o)
 .ARM.attributes
                0x0000000000000696       0x34 /usr/lib/gcc/arm-none-eabi/7.3.1/thumb/v7e-m/fpv4-sp/hard/crtend.o
 .ARM.attributes
                0x00000000000006ca       0x22 /usr/lib/gcc/arm-none-eabi/7.3.1/thumb/v7e-m/fpv4-sp/hard/crtn.o
OUTPUT(build/TemplateProjekt.elf elf32-littlearm)

.comment        0x0000000000000000       0xae
 .comment       0x0000000000000000       0x57 /usr/lib/gcc/arm-none-eabi/7.3.1/thumb/v7e-m/fpv4-sp/hard/crtbegin.o
                                         0x58 (size before relaxing)
 .comment       0x0000000000000057       0x58 build/main.o
 .comment       0x0000000000000057       0x58 build/stm32f4xx_it.o
 .comment       0x0000000000000057       0x58 build/stm32f4xx_hal_msp.o
 .comment       0x0000000000000057       0x58 build/stm32f4xx_hal_timebase_tim.o
 .comment       0x0000000000000057       0x58 build/stm32f4xx_hal_rcc.o
 .comment       0x0000000000000057       0x58 build/stm32f4xx_hal_rcc_ex.o
 .comment       0x0000000000000057       0x58 build/stm32f4xx_hal_gpio.o
 .comment       0x0000000000000057       0x58 build/stm32f4xx_hal_dma.o
 .comment       0x0000000000000057       0x58 build/stm32f4xx_hal_pwr_ex.o
 .comment       0x0000000000000057       0x58 build/stm32f4xx_hal_cortex.o
 .comment       0x0000000000000057       0x58 build/stm32f4xx_hal.o
 .comment       0x0000000000000057       0x58 build/stm32f4xx_hal_tim.o
 .comment       0x0000000000000057       0x58 build/stm32f4xx_hal_tim_ex.o
 .comment       0x0000000000000057       0x58 build/system_stm32f4xx.o
 .comment       0x0000000000000057       0x58 build/tm_stm32f4_ili9341.o
 .comment       0x0000000000000057       0x58 build/list.o
 .comment       0x0000000000000057       0x58 build/queue.o
 .comment       0x0000000000000057       0x58 build/tasks.o
 .comment       0x0000000000000057       0x58 build/timers.o
 .comment       0x0000000000000057       0x58 build/cmsis_os2.o
 .comment       0x0000000000000057       0x58 build/heap_4.o
 .comment       0x0000000000000057       0x58 build/port.o
 .comment       0x0000000000000057       0x58 build/stm32f4xx_hal_spi.o
 .comment       0x0000000000000057       0x57 /usr/lib/gcc/arm-none-eabi/7.3.1/../../../arm-none-eabi/lib/thumb/v7e-m/fpv4-sp/hard/libc_nano.a(lib_a-init.o)
                                         0x58 (size before relaxing)
 .comment       0x00000000000000ae       0x58 /usr/lib/gcc/arm-none-eabi/7.3.1/../../../arm-none-eabi/lib/thumb/v7e-m/fpv4-sp/hard/libc_nano.a(lib_a-memset.o)
 .comment       0x00000000000000ae       0x58 /usr/lib/gcc/arm-none-eabi/7.3.1/thumb/v7e-m/fpv4-sp/hard/libgcc.a(_udivmoddi4.o)
 .comment       0x00000000000000ae       0x58 /usr/lib/gcc/arm-none-eabi/7.3.1/thumb/v7e-m/fpv4-sp/hard/crtend.o

.debug_info     0x0000000000000000    0x23588
 .debug_info    0x0000000000000000     0x1a6f build/main.o
 .debug_info    0x0000000000001a6f      0x881 build/stm32f4xx_it.o
 .debug_info    0x00000000000022f0      0xec8 build/stm32f4xx_hal_msp.o
 .debug_info    0x00000000000031b8      0xd50 build/stm32f4xx_hal_timebase_tim.o
 .debug_info    0x0000000000003f08      0xbad build/stm32f4xx_hal_rcc.o
 .debug_info    0x0000000000004ab5      0xd20 build/stm32f4xx_hal_rcc_ex.o
 .debug_info    0x00000000000057d5      0x8c7 build/stm32f4xx_hal_gpio.o
 .debug_info    0x000000000000609c      0xb83 build/stm32f4xx_hal_dma.o
 .debug_info    0x0000000000006c1f      0x8d8 build/stm32f4xx_hal_pwr_ex.o
 .debug_info    0x00000000000074f7     0x1098 build/stm32f4xx_hal_cortex.o
 .debug_info    0x000000000000858f      0xb30 build/stm32f4xx_hal.o
 .debug_info    0x00000000000090bf     0x374e build/stm32f4xx_hal_tim.o
 .debug_info    0x000000000000c80d     0x166c build/stm32f4xx_hal_tim_ex.o
 .debug_info    0x000000000000de79      0x618 build/system_stm32f4xx.o
 .debug_info    0x000000000000e491     0x213d build/tm_stm32f4_ili9341.o
 .debug_info    0x00000000000105ce      0xbd5 build/list.o
 .debug_info    0x00000000000111a3     0x2eb7 build/queue.o
 .debug_info    0x000000000001405a     0x36b5 build/tasks.o
 .debug_info    0x000000000001770f     0x2236 build/timers.o
 .debug_info    0x0000000000019945     0x4e8a build/cmsis_os2.o
 .debug_info    0x000000000001e7cf      0xdc6 build/heap_4.o
 .debug_info    0x000000000001f595      0x5ac build/port.o
 .debug_info    0x000000000001fb41     0x1d82 build/stm32f4xx_hal_spi.o
 .debug_info    0x00000000000218c3       0x22 build/startup_stm32f446xx.o
 .debug_info    0x00000000000218e5      0x109 /usr/lib/gcc/arm-none-eabi/7.3.1/../../../arm-none-eabi/lib/thumb/v7e-m/fpv4-sp/hard/libc_nano.a(lib_a-init.o)
 .debug_info    0x00000000000219ee       0x26 /usr/lib/gcc/arm-none-eabi/7.3.1/../../../arm-none-eabi/lib/thumb/v7e-m/fpv4-sp/hard/libc_nano.a(lib_a-memcpy.o)
 .debug_info    0x0000000000021a14      0xe1d /usr/lib/gcc/arm-none-eabi/7.3.1/../../../arm-none-eabi/lib/thumb/v7e-m/fpv4-sp/hard/libc_nano.a(lib_a-memset.o)
 .debug_info    0x0000000000022831       0x26 /usr/lib/gcc/arm-none-eabi/7.3.1/thumb/v7e-m/fpv4-sp/hard/libgcc.a(_aeabi_uldivmod.o)
 .debug_info    0x0000000000022857      0xd0b /usr/lib/gcc/arm-none-eabi/7.3.1/thumb/v7e-m/fpv4-sp/hard/libgcc.a(_udivmoddi4.o)
 .debug_info    0x0000000000023562       0x26 /usr/lib/gcc/arm-none-eabi/7.3.1/thumb/v7e-m/fpv4-sp/hard/libgcc.a(_dvmd_tls.o)

.debug_abbrev   0x0000000000000000     0x40f3
 .debug_abbrev  0x0000000000000000      0x2cc build/main.o
 .debug_abbrev  0x00000000000002cc      0x178 build/stm32f4xx_it.o
 .debug_abbrev  0x0000000000000444      0x1c6 build/stm32f4xx_hal_msp.o
 .debug_abbrev  0x000000000000060a      0x1f0 build/stm32f4xx_hal_timebase_tim.o
 .debug_abbrev  0x00000000000007fa      0x2b0 build/stm32f4xx_hal_rcc.o
 .debug_abbrev  0x0000000000000aaa      0x22e build/stm32f4xx_hal_rcc_ex.o
 .debug_abbrev  0x0000000000000cd8      0x229 build/stm32f4xx_hal_gpio.o
 .debug_abbrev  0x0000000000000f01      0x2fc build/stm32f4xx_hal_dma.o
 .debug_abbrev  0x00000000000011fd      0x1bc build/stm32f4xx_hal_pwr_ex.o
 .debug_abbrev  0x00000000000013b9      0x327 build/stm32f4xx_hal_cortex.o
 .debug_abbrev  0x00000000000016e0      0x1ed build/stm32f4xx_hal.o
 .debug_abbrev  0x00000000000018cd      0x2b3 build/stm32f4xx_hal_tim.o
 .debug_abbrev  0x0000000000001b80      0x26d build/stm32f4xx_hal_tim_ex.o
 .debug_abbrev  0x0000000000001ded      0x12a build/system_stm32f4xx.o
 .debug_abbrev  0x0000000000001f17      0x262 build/tm_stm32f4_ili9341.o
 .debug_abbrev  0x0000000000002179      0x21e build/list.o
 .debug_abbrev  0x0000000000002397      0x443 build/queue.o
 .debug_abbrev  0x00000000000027da      0x45b build/tasks.o
 .debug_abbrev  0x0000000000002c35      0x3f6 build/timers.o
 .debug_abbrev  0x000000000000302b      0x46f build/cmsis_os2.o
 .debug_abbrev  0x000000000000349a      0x321 build/heap_4.o
 .debug_abbrev  0x00000000000037bb      0x257 build/port.o
 .debug_abbrev  0x0000000000003a12      0x298 build/stm32f4xx_hal_spi.o
 .debug_abbrev  0x0000000000003caa       0x12 build/startup_stm32f446xx.o
 .debug_abbrev  0x0000000000003cbc       0xba /usr/lib/gcc/arm-none-eabi/7.3.1/../../../arm-none-eabi/lib/thumb/v7e-m/fpv4-sp/hard/libc_nano.a(lib_a-init.o)
 .debug_abbrev  0x0000000000003d76       0x14 /usr/lib/gcc/arm-none-eabi/7.3.1/../../../arm-none-eabi/lib/thumb/v7e-m/fpv4-sp/hard/libc_nano.a(lib_a-memcpy.o)
 .debug_abbrev  0x0000000000003d8a      0x1a8 /usr/lib/gcc/arm-none-eabi/7.3.1/../../../arm-none-eabi/lib/thumb/v7e-m/fpv4-sp/hard/libc_nano.a(lib_a-memset.o)
 .debug_abbrev  0x0000000000003f32       0x14 /usr/lib/gcc/arm-none-eabi/7.3.1/thumb/v7e-m/fpv4-sp/hard/libgcc.a(_aeabi_uldivmod.o)
 .debug_abbrev  0x0000000000003f46      0x199 /usr/lib/gcc/arm-none-eabi/7.3.1/thumb/v7e-m/fpv4-sp/hard/libgcc.a(_udivmoddi4.o)
 .debug_abbrev  0x00000000000040df       0x14 /usr/lib/gcc/arm-none-eabi/7.3.1/thumb/v7e-m/fpv4-sp/hard/libgcc.a(_dvmd_tls.o)

.debug_loc      0x0000000000000000    0x1681a
 .debug_loc     0x0000000000000000      0x142 build/main.o
 .debug_loc     0x0000000000000142       0x60 build/stm32f4xx_it.o
 .debug_loc     0x00000000000001a2       0xff build/stm32f4xx_hal_msp.o
 .debug_loc     0x00000000000002a1       0xcf build/stm32f4xx_hal_timebase_tim.o
 .debug_loc     0x0000000000000370      0x5a3 build/stm32f4xx_hal_rcc.o
 .debug_loc     0x0000000000000913      0xdb0 build/stm32f4xx_hal_rcc_ex.o
 .debug_loc     0x00000000000016c3      0x508 build/stm32f4xx_hal_gpio.o
 .debug_loc     0x0000000000001bcb      0xb2e build/stm32f4xx_hal_dma.o
 .debug_loc     0x00000000000026f9      0x306 build/stm32f4xx_hal_pwr_ex.o
 .debug_loc     0x00000000000029ff      0x5b2 build/stm32f4xx_hal_cortex.o
 .debug_loc     0x0000000000002fb1      0x1bb build/stm32f4xx_hal.o
 .debug_loc     0x000000000000316c     0x4643 build/stm32f4xx_hal_tim.o
 .debug_loc     0x00000000000077af     0x15b1 build/stm32f4xx_hal_tim_ex.o
 .debug_loc     0x0000000000008d60      0x166 build/system_stm32f4xx.o
 .debug_loc     0x0000000000008ec6      0xedd build/tm_stm32f4_ili9341.o
 .debug_loc     0x0000000000009da3       0x91 build/list.o
 .debug_loc     0x0000000000009e34     0x19c4 build/queue.o
 .debug_loc     0x000000000000b7f8     0x20de build/tasks.o
 .debug_loc     0x000000000000d8d6      0xe8e build/timers.o
 .debug_loc     0x000000000000e764     0x4977 build/cmsis_os2.o
 .debug_loc     0x00000000000130db      0x42a build/heap_4.o
 .debug_loc     0x0000000000013505      0x160 build/port.o
 .debug_loc     0x0000000000013665     0x2153 build/stm32f4xx_hal_spi.o
 .debug_loc     0x00000000000157b8       0xa2 /usr/lib/gcc/arm-none-eabi/7.3.1/../../../arm-none-eabi/lib/thumb/v7e-m/fpv4-sp/hard/libc_nano.a(lib_a-init.o)
 .debug_loc     0x000000000001585a      0x175 /usr/lib/gcc/arm-none-eabi/7.3.1/../../../arm-none-eabi/lib/thumb/v7e-m/fpv4-sp/hard/libc_nano.a(lib_a-memset.o)
 .debug_loc     0x00000000000159cf      0xe4b /usr/lib/gcc/arm-none-eabi/7.3.1/thumb/v7e-m/fpv4-sp/hard/libgcc.a(_udivmoddi4.o)

.debug_aranges  0x0000000000000000     0x1438
 .debug_aranges
                0x0000000000000000       0x48 build/main.o
 .debug_aranges
                0x0000000000000048       0x60 build/stm32f4xx_it.o
 .debug_aranges
                0x00000000000000a8       0x30 build/stm32f4xx_hal_msp.o
 .debug_aranges
                0x00000000000000d8       0x30 build/stm32f4xx_hal_timebase_tim.o
 .debug_aranges
                0x0000000000000108       0x88 build/stm32f4xx_hal_rcc.o
 .debug_aranges
                0x0000000000000190       0x78 build/stm32f4xx_hal_rcc_ex.o
 .debug_aranges
                0x0000000000000208       0x58 build/stm32f4xx_hal_gpio.o
 .debug_aranges
                0x0000000000000260       0x80 build/stm32f4xx_hal_dma.o
 .debug_aranges
                0x00000000000002e0       0x60 build/stm32f4xx_hal_pwr_ex.o
 .debug_aranges
                0x0000000000000340       0xa8 build/stm32f4xx_hal_cortex.o
 .debug_aranges
                0x00000000000003e8       0xf0 build/stm32f4xx_hal.o
 .debug_aranges
                0x00000000000004d8      0x378 build/stm32f4xx_hal_tim.o
 .debug_aranges
                0x0000000000000850      0x150 build/stm32f4xx_hal_tim_ex.o
 .debug_aranges
                0x00000000000009a0       0x28 build/system_stm32f4xx.o
 .debug_aranges
                0x00000000000009c8       0xb8 build/tm_stm32f4_ili9341.o
 .debug_aranges
                0x0000000000000a80       0x40 build/list.o
 .debug_aranges
                0x0000000000000ac0      0x140 build/queue.o
 .debug_aranges
                0x0000000000000c00      0x1e0 build/tasks.o
 .debug_aranges
                0x0000000000000de0       0xb0 build/timers.o
 .debug_aranges
                0x0000000000000e90      0x228 build/cmsis_os2.o
 .debug_aranges
                0x00000000000010b8       0x48 build/heap_4.o
 .debug_aranges
                0x0000000000001100       0x80 build/port.o
 .debug_aranges
                0x0000000000001180      0x1d0 build/stm32f4xx_hal_spi.o
 .debug_aranges
                0x0000000000001350       0x28 build/startup_stm32f446xx.o
 .debug_aranges
                0x0000000000001378       0x20 /usr/lib/gcc/arm-none-eabi/7.3.1/../../../arm-none-eabi/lib/thumb/v7e-m/fpv4-sp/hard/libc_nano.a(lib_a-init.o)
 .debug_aranges
                0x0000000000001398       0x20 /usr/lib/gcc/arm-none-eabi/7.3.1/../../../arm-none-eabi/lib/thumb/v7e-m/fpv4-sp/hard/libc_nano.a(lib_a-memcpy.o)
 .debug_aranges
                0x00000000000013b8       0x20 /usr/lib/gcc/arm-none-eabi/7.3.1/../../../arm-none-eabi/lib/thumb/v7e-m/fpv4-sp/hard/libc_nano.a(lib_a-memset.o)
 .debug_aranges
                0x00000000000013d8       0x20 /usr/lib/gcc/arm-none-eabi/7.3.1/thumb/v7e-m/fpv4-sp/hard/libgcc.a(_aeabi_uldivmod.o)
 .debug_aranges
                0x00000000000013f8       0x20 /usr/lib/gcc/arm-none-eabi/7.3.1/thumb/v7e-m/fpv4-sp/hard/libgcc.a(_udivmoddi4.o)
 .debug_aranges
                0x0000000000001418       0x20 /usr/lib/gcc/arm-none-eabi/7.3.1/thumb/v7e-m/fpv4-sp/hard/libgcc.a(_dvmd_tls.o)

.debug_ranges   0x0000000000000000     0x1618
 .debug_ranges  0x0000000000000000       0x38 build/main.o
 .debug_ranges  0x0000000000000038       0x50 build/stm32f4xx_it.o
 .debug_ranges  0x0000000000000088       0x20 build/stm32f4xx_hal_msp.o
 .debug_ranges  0x00000000000000a8       0x20 build/stm32f4xx_hal_timebase_tim.o
 .debug_ranges  0x00000000000000c8       0x90 build/stm32f4xx_hal_rcc.o
 .debug_ranges  0x0000000000000158       0x80 build/stm32f4xx_hal_rcc_ex.o
 .debug_ranges  0x00000000000001d8       0x60 build/stm32f4xx_hal_gpio.o
 .debug_ranges  0x0000000000000238       0xc0 build/stm32f4xx_hal_dma.o
 .debug_ranges  0x00000000000002f8       0x50 build/stm32f4xx_hal_pwr_ex.o
 .debug_ranges  0x0000000000000348       0xc8 build/stm32f4xx_hal_cortex.o
 .debug_ranges  0x0000000000000410       0xe0 build/stm32f4xx_hal.o
 .debug_ranges  0x00000000000004f0      0x368 build/stm32f4xx_hal_tim.o
 .debug_ranges  0x0000000000000858      0x140 build/stm32f4xx_hal_tim_ex.o
 .debug_ranges  0x0000000000000998       0x18 build/system_stm32f4xx.o
 .debug_ranges  0x00000000000009b0       0xa8 build/tm_stm32f4_ili9341.o
 .debug_ranges  0x0000000000000a58       0x30 build/list.o
 .debug_ranges  0x0000000000000a88      0x288 build/queue.o
 .debug_ranges  0x0000000000000d10      0x2b8 build/tasks.o
 .debug_ranges  0x0000000000000fc8       0xd0 build/timers.o
 .debug_ranges  0x0000000000001098      0x218 build/cmsis_os2.o
 .debug_ranges  0x00000000000012b0       0x38 build/heap_4.o
 .debug_ranges  0x00000000000012e8       0x70 build/port.o
 .debug_ranges  0x0000000000001358      0x1c0 build/stm32f4xx_hal_spi.o
 .debug_ranges  0x0000000000001518       0x20 build/startup_stm32f446xx.o
 .debug_ranges  0x0000000000001538       0xe0 /usr/lib/gcc/arm-none-eabi/7.3.1/thumb/v7e-m/fpv4-sp/hard/libgcc.a(_udivmoddi4.o)

.debug_line     0x0000000000000000     0x92ea
 .debug_line    0x0000000000000000      0x3e1 build/main.o
 .debug_line    0x00000000000003e1      0x23b build/stm32f4xx_it.o
 .debug_line    0x000000000000061c      0x250 build/stm32f4xx_hal_msp.o
 .debug_line    0x000000000000086c      0x1fc build/stm32f4xx_hal_timebase_tim.o
 .debug_line    0x0000000000000a68      0x453 build/stm32f4xx_hal_rcc.o
 .debug_line    0x0000000000000ebb      0x5b9 build/stm32f4xx_hal_rcc_ex.o
 .debug_line    0x0000000000001474      0x34b build/stm32f4xx_hal_gpio.o
 .debug_line    0x00000000000017bf      0x4a4 build/stm32f4xx_hal_dma.o
 .debug_line    0x0000000000001c63      0x267 build/stm32f4xx_hal_pwr_ex.o
 .debug_line    0x0000000000001eca      0x3d5 build/stm32f4xx_hal_cortex.o
 .debug_line    0x000000000000229f      0x396 build/stm32f4xx_hal.o
 .debug_line    0x0000000000002635     0x139a build/stm32f4xx_hal_tim.o
 .debug_line    0x00000000000039cf      0x7d5 build/stm32f4xx_hal_tim_ex.o
 .debug_line    0x00000000000041a4      0x176 build/system_stm32f4xx.o
 .debug_line    0x000000000000431a      0x4bf build/tm_stm32f4_ili9341.o
 .debug_line    0x00000000000047d9      0x23d build/list.o
 .debug_line    0x0000000000004a16      0x996 build/queue.o
 .debug_line    0x00000000000053ac      0xcd4 build/tasks.o
 .debug_line    0x0000000000006080      0x4e6 build/timers.o
 .debug_line    0x0000000000006566     0x1515 build/cmsis_os2.o
 .debug_line    0x0000000000007a7b      0x2d9 build/heap_4.o
 .debug_line    0x0000000000007d54      0x2d2 build/port.o
 .debug_line    0x0000000000008026      0xbe2 build/stm32f4xx_hal_spi.o
 .debug_line    0x0000000000008c08       0x74 build/startup_stm32f446xx.o
 .debug_line    0x0000000000008c7c       0xbf /usr/lib/gcc/arm-none-eabi/7.3.1/../../../arm-none-eabi/lib/thumb/v7e-m/fpv4-sp/hard/libc_nano.a(lib_a-init.o)
 .debug_line    0x0000000000008d3b       0xc1 /usr/lib/gcc/arm-none-eabi/7.3.1/../../../arm-none-eabi/lib/thumb/v7e-m/fpv4-sp/hard/libc_nano.a(lib_a-memcpy.o)
 .debug_line    0x0000000000008dfc      0x1c4 /usr/lib/gcc/arm-none-eabi/7.3.1/../../../arm-none-eabi/lib/thumb/v7e-m/fpv4-sp/hard/libc_nano.a(lib_a-memset.o)
 .debug_line    0x0000000000008fc0       0x63 /usr/lib/gcc/arm-none-eabi/7.3.1/thumb/v7e-m/fpv4-sp/hard/libgcc.a(_aeabi_uldivmod.o)
 .debug_line    0x0000000000009023      0x264 /usr/lib/gcc/arm-none-eabi/7.3.1/thumb/v7e-m/fpv4-sp/hard/libgcc.a(_udivmoddi4.o)
 .debug_line    0x0000000000009287       0x63 /usr/lib/gcc/arm-none-eabi/7.3.1/thumb/v7e-m/fpv4-sp/hard/libgcc.a(_dvmd_tls.o)

.debug_str      0x0000000000000000     0x8e15
 .debug_str     0x0000000000000000     0x1746 build/main.o
                                       0x1848 (size before relaxing)
 .debug_str     0x0000000000001746       0xed build/stm32f4xx_it.o
                                        0x7e3 (size before relaxing)
 .debug_str     0x0000000000001833       0x77 build/stm32f4xx_hal_msp.o
                                        0xe87 (size before relaxing)
 .debug_str     0x00000000000018aa       0xf0 build/stm32f4xx_hal_timebase_tim.o
                                        0xe64 (size before relaxing)
 .debug_str     0x000000000000199a      0x1b3 build/stm32f4xx_hal_rcc.o
                                        0x79b (size before relaxing)
 .debug_str     0x0000000000001b4d      0x344 build/stm32f4xx_hal_rcc_ex.o
                                        0x893 (size before relaxing)
 .debug_str     0x0000000000001e91      0x153 build/stm32f4xx_hal_gpio.o
                                        0x5b8 (size before relaxing)
 .debug_str     0x0000000000001fe4      0x2dc build/stm32f4xx_hal_dma.o
                                        0x819 (size before relaxing)
 .debug_str     0x00000000000022c0      0x187 build/stm32f4xx_hal_pwr_ex.o
                                        0x5a3 (size before relaxing)
 .debug_str     0x0000000000002447      0x47b build/stm32f4xx_hal_cortex.o
                                        0xd0e (size before relaxing)
 .debug_str     0x00000000000028c2      0x1fd build/stm32f4xx_hal.o
                                        0xbf4 (size before relaxing)
 .debug_str     0x0000000000002abf      0xdd1 build/stm32f4xx_hal_tim.o
                                       0x1570 (size before relaxing)
 .debug_str     0x0000000000003890      0x545 build/stm32f4xx_hal_tim_ex.o
                                        0xd88 (size before relaxing)
 .debug_str     0x0000000000003dd5       0x42 build/system_stm32f4xx.o
                                        0x41c (size before relaxing)
 .debug_str     0x0000000000003e17      0x3c2 build/tm_stm32f4_ili9341.o
                                        0xb6b (size before relaxing)
 .debug_str     0x00000000000041d9      0x4cc build/list.o
                                        0x6e2 (size before relaxing)
 .debug_str     0x00000000000046a5      0x9a1 build/queue.o
                                       0x1060 (size before relaxing)
 .debug_str     0x0000000000005046      0xbb9 build/tasks.o
                                       0x165c (size before relaxing)
 .debug_str     0x0000000000005bff      0x5a9 build/timers.o
                                        0xfd3 (size before relaxing)
 .debug_str     0x00000000000061a8      0xa35 build/cmsis_os2.o
                                       0x1cbe (size before relaxing)
 .debug_str     0x0000000000006bdd      0x1d5 build/heap_4.o
                                        0x7cb (size before relaxing)
 .debug_str     0x0000000000006db2      0x18d build/port.o
                                        0x465 (size before relaxing)
 .debug_str     0x0000000000006f3f      0x4d4 build/stm32f4xx_hal_spi.o
                                        0xc7c (size before relaxing)
 .debug_str     0x0000000000007413       0x24 build/startup_stm32f446xx.o
                                         0x3d (size before relaxing)
 .debug_str     0x0000000000007437      0x1c5 /usr/lib/gcc/arm-none-eabi/7.3.1/../../../arm-none-eabi/lib/thumb/v7e-m/fpv4-sp/hard/libc_nano.a(lib_a-init.o)
                                        0x267 (size before relaxing)
 .debug_str     0x00000000000075fc       0xa6 /usr/lib/gcc/arm-none-eabi/7.3.1/../../../arm-none-eabi/lib/thumb/v7e-m/fpv4-sp/hard/libc_nano.a(lib_a-memcpy.o)
                                         0xb4 (size before relaxing)
 .debug_str     0x00000000000076a2      0x38a /usr/lib/gcc/arm-none-eabi/7.3.1/../../../arm-none-eabi/lib/thumb/v7e-m/fpv4-sp/hard/libc_nano.a(lib_a-memset.o)
                                        0x94d (size before relaxing)
 .debug_str     0x0000000000007a2c       0x79 /usr/lib/gcc/arm-none-eabi/7.3.1/thumb/v7e-m/fpv4-sp/hard/libgcc.a(_aeabi_uldivmod.o)
                                         0x87 (size before relaxing)
 .debug_str     0x0000000000007aa5     0x133d /usr/lib/gcc/arm-none-eabi/7.3.1/thumb/v7e-m/fpv4-sp/hard/libgcc.a(_udivmoddi4.o)
                                       0x1421 (size before relaxing)
 .debug_str     0x0000000000008de2       0x33 /usr/lib/gcc/arm-none-eabi/7.3.1/thumb/v7e-m/fpv4-sp/hard/libgcc.a(_dvmd_tls.o)
                                         0x8b (size before relaxing)

.debug_frame    0x0000000000000000     0x3ed4
 .debug_frame   0x0000000000000000       0xb4 build/main.o
 .debug_frame   0x00000000000000b4       0xc4 build/stm32f4xx_it.o
 .debug_frame   0x0000000000000178       0x70 build/stm32f4xx_hal_msp.o
 .debug_frame   0x00000000000001e8       0x54 build/stm32f4xx_hal_timebase_tim.o
 .debug_frame   0x000000000000023c      0x1b8 build/stm32f4xx_hal_rcc.o
 .debug_frame   0x00000000000003f4      0x184 build/stm32f4xx_hal_rcc_ex.o
 .debug_frame   0x0000000000000578       0xf4 build/stm32f4xx_hal_gpio.o
 .debug_frame   0x000000000000066c      0x1a0 build/stm32f4xx_hal_dma.o
 .debug_frame   0x000000000000080c      0x114 build/stm32f4xx_hal_pwr_ex.o
 .debug_frame   0x0000000000000920      0x16c build/stm32f4xx_hal_cortex.o
 .debug_frame   0x0000000000000a8c      0x200 build/stm32f4xx_hal.o
 .debug_frame   0x0000000000000c8c      0xb48 build/stm32f4xx_hal_tim.o
 .debug_frame   0x00000000000017d4      0x428 build/stm32f4xx_hal_tim_ex.o
 .debug_frame   0x0000000000001bfc       0x30 build/system_stm32f4xx.o
 .debug_frame   0x0000000000001c2c      0x31c build/tm_stm32f4_ili9341.o
 .debug_frame   0x0000000000001f48       0x70 build/list.o
 .debug_frame   0x0000000000001fb8      0x498 build/queue.o
 .debug_frame   0x0000000000002450      0x6dc build/tasks.o
 .debug_frame   0x0000000000002b2c      0x264 build/timers.o
 .debug_frame   0x0000000000002d90      0x8a8 build/cmsis_os2.o
 .debug_frame   0x0000000000003638       0xa8 build/heap_4.o
 .debug_frame   0x00000000000036e0      0x104 build/port.o
 .debug_frame   0x00000000000037e4      0x62c build/stm32f4xx_hal_spi.o
 .debug_frame   0x0000000000003e10       0x2c /usr/lib/gcc/arm-none-eabi/7.3.1/../../../arm-none-eabi/lib/thumb/v7e-m/fpv4-sp/hard/libc_nano.a(lib_a-init.o)
 .debug_frame   0x0000000000003e3c       0x38 /usr/lib/gcc/arm-none-eabi/7.3.1/../../../arm-none-eabi/lib/thumb/v7e-m/fpv4-sp/hard/libc_nano.a(lib_a-memset.o)
 .debug_frame   0x0000000000003e74       0x2c /usr/lib/gcc/arm-none-eabi/7.3.1/thumb/v7e-m/fpv4-sp/hard/libgcc.a(_aeabi_uldivmod.o)
 .debug_frame   0x0000000000003ea0       0x34 /usr/lib/gcc/arm-none-eabi/7.3.1/thumb/v7e-m/fpv4-sp/hard/libgcc.a(_udivmoddi4.o)

Cross Reference Table

Symbol                                            File
ADC_IRQHandler                                    build/startup_stm32f446xx.o
AHBPrescTable                                     build/system_stm32f4xx.o
                                                  build/stm32f4xx_hal_rcc.o
APBPrescTable                                     build/system_stm32f4xx.o
                                                  build/stm32f4xx_hal_rcc.o
BusFault_Handler                                  build/stm32f4xx_it.o
CAN1_RX0_IRQHandler                               build/startup_stm32f446xx.o
CAN1_RX1_IRQHandler                               build/startup_stm32f446xx.o
CAN1_SCE_IRQHandler                               build/startup_stm32f446xx.o
CAN1_TX_IRQHandler                                build/startup_stm32f446xx.o
CAN2_RX0_IRQHandler                               build/startup_stm32f446xx.o
CAN2_RX1_IRQHandler                               build/startup_stm32f446xx.o
CAN2_SCE_IRQHandler                               build/startup_stm32f446xx.o
CAN2_TX_IRQHandler                                build/startup_stm32f446xx.o
CEC_IRQHandler                                    build/startup_stm32f446xx.o
DCMI_IRQHandler                                   build/startup_stm32f446xx.o
DMA1_Stream0_IRQHandler                           build/startup_stm32f446xx.o
DMA1_Stream1_IRQHandler                           build/startup_stm32f446xx.o
DMA1_Stream2_IRQHandler                           build/startup_stm32f446xx.o
DMA1_Stream3_IRQHandler                           build/startup_stm32f446xx.o
DMA1_Stream4_IRQHandler                           build/startup_stm32f446xx.o
DMA1_Stream5_IRQHandler                           build/startup_stm32f446xx.o
DMA1_Stream6_IRQHandler                           build/startup_stm32f446xx.o
DMA1_Stream7_IRQHandler                           build/startup_stm32f446xx.o
DMA2_Stream0_IRQHandler                           build/stm32f4xx_it.o
DMA2_Stream1_IRQHandler                           build/startup_stm32f446xx.o
DMA2_Stream2_IRQHandler                           build/startup_stm32f446xx.o
DMA2_Stream3_IRQHandler                           build/stm32f4xx_it.o
DMA2_Stream4_IRQHandler                           build/startup_stm32f446xx.o
DMA2_Stream5_IRQHandler                           build/startup_stm32f446xx.o
DMA2_Stream6_IRQHandler                           build/startup_stm32f446xx.o
DMA2_Stream7_IRQHandler                           build/startup_stm32f446xx.o
DebugMon_Handler                                  build/stm32f4xx_it.o
Default_Handler                                   build/startup_stm32f446xx.o
EXTI0_IRQHandler                                  build/startup_stm32f446xx.o
EXTI15_10_IRQHandler                              build/startup_stm32f446xx.o
EXTI1_IRQHandler                                  build/startup_stm32f446xx.o
EXTI2_IRQHandler                                  build/startup_stm32f446xx.o
EXTI3_IRQHandler                                  build/startup_stm32f446xx.o
EXTI4_IRQHandler                                  build/startup_stm32f446xx.o
EXTI9_5_IRQHandler                                build/startup_stm32f446xx.o
Error_Handler                                     build/main.o
                                                  build/stm32f4xx_hal_msp.o
FLASH_Erase_Sector                                build/stm32f4xx_hal_flash_ex.o
                                                  build/stm32f4xx_hal_flash.o
FLASH_FlushCaches                                 build/stm32f4xx_hal_flash_ex.o
                                                  build/stm32f4xx_hal_flash.o
FLASH_IRQHandler                                  build/startup_stm32f446xx.o
FLASH_WaitForLastOperation                        build/stm32f4xx_hal_flash.o
                                                  build/stm32f4xx_hal_flash_ex.o
FMC_IRQHandler                                    build/startup_stm32f446xx.o
FMPI2C1_ER_IRQHandler                             build/startup_stm32f446xx.o
FMPI2C1_EV_IRQHandler                             build/startup_stm32f446xx.o
FPU_IRQHandler                                    build/startup_stm32f446xx.o
HAL_DBGMCU_DisableDBGSleepMode                    build/stm32f4xx_hal.o
HAL_DBGMCU_DisableDBGStandbyMode                  build/stm32f4xx_hal.o
HAL_DBGMCU_DisableDBGStopMode                     build/stm32f4xx_hal.o
HAL_DBGMCU_EnableDBGSleepMode                     build/stm32f4xx_hal.o
HAL_DBGMCU_EnableDBGStandbyMode                   build/stm32f4xx_hal.o
HAL_DBGMCU_EnableDBGStopMode                      build/stm32f4xx_hal.o
HAL_DMAEx_ChangeMemory                            build/stm32f4xx_hal_dma_ex.o
HAL_DMAEx_MultiBufferStart                        build/stm32f4xx_hal_dma_ex.o
HAL_DMAEx_MultiBufferStart_IT                     build/stm32f4xx_hal_dma_ex.o
HAL_DMA_Abort                                     build/stm32f4xx_hal_dma.o
                                                  build/stm32f4xx_hal_spi.o
HAL_DMA_Abort_IT                                  build/stm32f4xx_hal_dma.o
                                                  build/stm32f4xx_hal_spi.o
                                                  build/stm32f4xx_hal_tim_ex.o
                                                  build/stm32f4xx_hal_tim.o
HAL_DMA_DeInit                                    build/stm32f4xx_hal_dma.o
                                                  build/stm32f4xx_hal_msp.o
HAL_DMA_GetError                                  build/stm32f4xx_hal_dma.o
HAL_DMA_GetState                                  build/stm32f4xx_hal_dma.o
HAL_DMA_IRQHandler                                build/stm32f4xx_hal_dma.o
                                                  build/stm32f4xx_it.o
HAL_DMA_Init                                      build/stm32f4xx_hal_dma.o
                                                  build/stm32f4xx_hal_msp.o
HAL_DMA_PollForTransfer                           build/stm32f4xx_hal_dma.o
HAL_DMA_RegisterCallback                          build/stm32f4xx_hal_dma.o
HAL_DMA_Start                                     build/stm32f4xx_hal_dma.o
HAL_DMA_Start_IT                                  build/stm32f4xx_hal_dma.o
                                                  build/stm32f4xx_hal_spi.o
                                                  build/stm32f4xx_hal_tim_ex.o
                                                  build/stm32f4xx_hal_tim.o
HAL_DMA_UnRegisterCallback                        build/stm32f4xx_hal_dma.o
HAL_DeInit                                        build/stm32f4xx_hal.o
HAL_Delay                                         build/stm32f4xx_hal.o
HAL_DisableCompensationCell                       build/stm32f4xx_hal.o
HAL_EXTI_ClearConfigLine                          build/stm32f4xx_hal_exti.o
HAL_EXTI_ClearPending                             build/stm32f4xx_hal_exti.o
HAL_EXTI_GenerateSWI                              build/stm32f4xx_hal_exti.o
HAL_EXTI_GetConfigLine                            build/stm32f4xx_hal_exti.o
HAL_EXTI_GetHandle                                build/stm32f4xx_hal_exti.o
HAL_EXTI_GetPending                               build/stm32f4xx_hal_exti.o
HAL_EXTI_IRQHandler                               build/stm32f4xx_hal_exti.o
HAL_EXTI_RegisterCallback                         build/stm32f4xx_hal_exti.o
HAL_EXTI_SetConfigLine                            build/stm32f4xx_hal_exti.o
HAL_EnableCompensationCell                        build/stm32f4xx_hal.o
HAL_FLASHEx_AdvOBGetConfig                        build/stm32f4xx_hal_flash_ex.o
HAL_FLASHEx_AdvOBProgram                          build/stm32f4xx_hal_flash_ex.o
HAL_FLASHEx_DisableFlashSleepMode                 build/stm32f4xx_hal_flash_ramfunc.o
HAL_FLASHEx_EnableFlashSleepMode                  build/stm32f4xx_hal_flash_ramfunc.o
HAL_FLASHEx_Erase                                 build/stm32f4xx_hal_flash_ex.o
HAL_FLASHEx_Erase_IT                              build/stm32f4xx_hal_flash_ex.o
HAL_FLASHEx_OBGetConfig                           build/stm32f4xx_hal_flash_ex.o
HAL_FLASHEx_OBProgram                             build/stm32f4xx_hal_flash_ex.o
HAL_FLASHEx_OB_DeSelectPCROP                      build/stm32f4xx_hal_flash_ex.o
HAL_FLASHEx_OB_SelectPCROP                        build/stm32f4xx_hal_flash_ex.o
HAL_FLASHEx_StartFlashInterfaceClk                build/stm32f4xx_hal_flash_ramfunc.o
HAL_FLASHEx_StopFlashInterfaceClk                 build/stm32f4xx_hal_flash_ramfunc.o
HAL_FLASH_EndOfOperationCallback                  build/stm32f4xx_hal_flash.o
HAL_FLASH_GetError                                build/stm32f4xx_hal_flash.o
HAL_FLASH_IRQHandler                              build/stm32f4xx_hal_flash.o
HAL_FLASH_Lock                                    build/stm32f4xx_hal_flash.o
HAL_FLASH_OB_Launch                               build/stm32f4xx_hal_flash.o
HAL_FLASH_OB_Lock                                 build/stm32f4xx_hal_flash.o
HAL_FLASH_OB_Unlock                               build/stm32f4xx_hal_flash.o
HAL_FLASH_OperationErrorCallback                  build/stm32f4xx_hal_flash.o
HAL_FLASH_Program                                 build/stm32f4xx_hal_flash.o
HAL_FLASH_Program_IT                              build/stm32f4xx_hal_flash.o
HAL_FLASH_Unlock                                  build/stm32f4xx_hal_flash.o
HAL_GPIO_DeInit                                   build/stm32f4xx_hal_gpio.o
                                                  build/stm32f4xx_hal_msp.o
HAL_GPIO_EXTI_Callback                            build/stm32f4xx_hal_gpio.o
HAL_GPIO_EXTI_IRQHandler                          build/stm32f4xx_hal_gpio.o
HAL_GPIO_Init                                     build/stm32f4xx_hal_gpio.o
                                                  build/tm_stm32f4_ili9341.o
                                                  build/stm32f4xx_hal_rcc.o
                                                  build/stm32f4xx_hal_msp.o
                                                  build/main.o
HAL_GPIO_LockPin                                  build/stm32f4xx_hal_gpio.o
HAL_GPIO_ReadPin                                  build/stm32f4xx_hal_gpio.o
HAL_GPIO_TogglePin                                build/stm32f4xx_hal_gpio.o
HAL_GPIO_WritePin                                 build/stm32f4xx_hal_gpio.o
                                                  build/tm_stm32f4_ili9341.o
HAL_GetDEVID                                      build/stm32f4xx_hal.o
HAL_GetHalVersion                                 build/stm32f4xx_hal.o
HAL_GetREVID                                      build/stm32f4xx_hal.o
HAL_GetTick                                       build/stm32f4xx_hal.o
                                                  build/stm32f4xx_hal_spi.o
                                                  build/stm32f4xx_hal_pwr_ex.o
                                                  build/stm32f4xx_hal_dma.o
                                                  build/stm32f4xx_hal_flash.o
                                                  build/stm32f4xx_hal_rcc_ex.o
                                                  build/stm32f4xx_hal_rcc.o
HAL_GetTickFreq                                   build/stm32f4xx_hal.o
HAL_GetTickPrio                                   build/stm32f4xx_hal.o
HAL_GetUIDw0                                      build/stm32f4xx_hal.o
HAL_GetUIDw1                                      build/stm32f4xx_hal.o
HAL_GetUIDw2                                      build/stm32f4xx_hal.o
HAL_IncTick                                       build/stm32f4xx_hal.o
                                                  build/main.o
HAL_Init                                          build/stm32f4xx_hal.o
                                                  build/main.o
HAL_InitTick                                      build/stm32f4xx_hal_timebase_tim.o
                                                  build/stm32f4xx_hal_rcc_ex.o
                                                  build/stm32f4xx_hal_rcc.o
HAL_MPU_ConfigRegion                              build/stm32f4xx_hal_cortex.o
HAL_MPU_Disable                                   build/stm32f4xx_hal_cortex.o
HAL_MPU_Enable                                    build/stm32f4xx_hal_cortex.o
HAL_MspDeInit                                     build/stm32f4xx_hal.o
HAL_MspInit                                       build/stm32f4xx_hal_msp.o
HAL_NVIC_ClearPendingIRQ                          build/stm32f4xx_hal_cortex.o
HAL_NVIC_DisableIRQ                               build/stm32f4xx_hal_cortex.o
HAL_NVIC_EnableIRQ                                build/stm32f4xx_hal_cortex.o
                                                  build/stm32f4xx_hal_timebase_tim.o
                                                  build/main.o
HAL_NVIC_GetActive                                build/stm32f4xx_hal_cortex.o
HAL_NVIC_GetPendingIRQ                            build/stm32f4xx_hal_cortex.o
HAL_NVIC_GetPriority                              build/stm32f4xx_hal_cortex.o
HAL_NVIC_GetPriorityGrouping                      build/stm32f4xx_hal_cortex.o
HAL_NVIC_SetPendingIRQ                            build/stm32f4xx_hal_cortex.o
HAL_NVIC_SetPriority                              build/stm32f4xx_hal_cortex.o
                                                  build/stm32f4xx_hal.o
                                                  build/stm32f4xx_hal_timebase_tim.o
                                                  build/stm32f4xx_hal_msp.o
                                                  build/main.o
HAL_NVIC_SetPriorityGrouping                      build/stm32f4xx_hal_cortex.o
                                                  build/stm32f4xx_hal.o
HAL_NVIC_SystemReset                              build/stm32f4xx_hal_cortex.o
HAL_PWREx_ControlVoltageScaling                   build/stm32f4xx_hal_pwr_ex.o
HAL_PWREx_DisableBkUpReg                          build/stm32f4xx_hal_pwr_ex.o
HAL_PWREx_DisableFlashPowerDown                   build/stm32f4xx_hal_pwr_ex.o
HAL_PWREx_DisableOverDrive                        build/stm32f4xx_hal_pwr_ex.o
HAL_PWREx_EnableBkUpReg                           build/stm32f4xx_hal_pwr_ex.o
HAL_PWREx_EnableFlashPowerDown                    build/stm32f4xx_hal_pwr_ex.o
HAL_PWREx_EnableOverDrive                         build/stm32f4xx_hal_pwr_ex.o
                                                  build/main.o
HAL_PWREx_EnterUnderDriveSTOPMode                 build/stm32f4xx_hal_pwr_ex.o
HAL_PWREx_GetVoltageRange                         build/stm32f4xx_hal_pwr_ex.o
HAL_PWR_ConfigPVD                                 build/stm32f4xx_hal_pwr.o
HAL_PWR_DeInit                                    build/stm32f4xx_hal_pwr.o
HAL_PWR_DisableBkUpAccess                         build/stm32f4xx_hal_pwr.o
HAL_PWR_DisablePVD                                build/stm32f4xx_hal_pwr.o
HAL_PWR_DisableSEVOnPend                          build/stm32f4xx_hal_pwr.o
HAL_PWR_DisableSleepOnExit                        build/stm32f4xx_hal_pwr.o
HAL_PWR_DisableWakeUpPin                          build/stm32f4xx_hal_pwr.o
HAL_PWR_EnableBkUpAccess                          build/stm32f4xx_hal_pwr.o
HAL_PWR_EnablePVD                                 build/stm32f4xx_hal_pwr.o
HAL_PWR_EnableSEVOnPend                           build/stm32f4xx_hal_pwr.o
HAL_PWR_EnableSleepOnExit                         build/stm32f4xx_hal_pwr.o
HAL_PWR_EnableWakeUpPin                           build/stm32f4xx_hal_pwr.o
HAL_PWR_EnterSLEEPMode                            build/stm32f4xx_hal_pwr.o
HAL_PWR_EnterSTANDBYMode                          build/stm32f4xx_hal_pwr.o
HAL_PWR_EnterSTOPMode                             build/stm32f4xx_hal_pwr.o
HAL_PWR_PVDCallback                               build/stm32f4xx_hal_pwr.o
HAL_PWR_PVD_IRQHandler                            build/stm32f4xx_hal_pwr.o
HAL_RCCEx_DisablePLLI2S                           build/stm32f4xx_hal_rcc_ex.o
HAL_RCCEx_DisablePLLSAI                           build/stm32f4xx_hal_rcc_ex.o
HAL_RCCEx_EnablePLLI2S                            build/stm32f4xx_hal_rcc_ex.o
HAL_RCCEx_EnablePLLSAI                            build/stm32f4xx_hal_rcc_ex.o
HAL_RCCEx_GetPeriphCLKConfig                      build/stm32f4xx_hal_rcc_ex.o
HAL_RCCEx_GetPeriphCLKFreq                        build/stm32f4xx_hal_rcc_ex.o
HAL_RCCEx_PeriphCLKConfig                         build/stm32f4xx_hal_rcc_ex.o
HAL_RCCEx_SelectLSEMode                           build/stm32f4xx_hal_rcc_ex.o
HAL_RCC_CSSCallback                               build/stm32f4xx_hal_rcc.o
HAL_RCC_ClockConfig                               build/stm32f4xx_hal_rcc.o
                                                  build/main.o
HAL_RCC_DeInit                                    build/stm32f4xx_hal_rcc_ex.o
                                                  build/stm32f4xx_hal_rcc.o
HAL_RCC_DisableCSS                                build/stm32f4xx_hal_rcc.o
HAL_RCC_EnableCSS                                 build/stm32f4xx_hal_rcc.o
HAL_RCC_GetClockConfig                            build/stm32f4xx_hal_rcc.o
                                                  build/stm32f4xx_hal_timebase_tim.o
HAL_RCC_GetHCLKFreq                               build/stm32f4xx_hal_rcc.o
HAL_RCC_GetOscConfig                              build/stm32f4xx_hal_rcc_ex.o
                                                  build/stm32f4xx_hal_rcc.o
HAL_RCC_GetPCLK1Freq                              build/stm32f4xx_hal_rcc.o
HAL_RCC_GetPCLK2Freq                              build/stm32f4xx_hal_rcc.o
                                                  build/stm32f4xx_hal_timebase_tim.o
HAL_RCC_GetSysClockFreq                           build/stm32f4xx_hal_rcc_ex.o
                                                  build/stm32f4xx_hal_rcc.o
HAL_RCC_MCOConfig                                 build/stm32f4xx_hal_rcc.o
HAL_RCC_NMI_IRQHandler                            build/stm32f4xx_hal_rcc.o
HAL_RCC_OscConfig                                 build/stm32f4xx_hal_rcc_ex.o
                                                  build/stm32f4xx_hal_rcc.o
                                                  build/main.o
HAL_ResumeTick                                    build/stm32f4xx_hal_timebase_tim.o
HAL_SPI_Abort                                     build/stm32f4xx_hal_spi.o
HAL_SPI_AbortCpltCallback                         build/stm32f4xx_hal_spi.o
HAL_SPI_Abort_IT                                  build/stm32f4xx_hal_spi.o
HAL_SPI_DMAPause                                  build/stm32f4xx_hal_spi.o
HAL_SPI_DMAResume                                 build/stm32f4xx_hal_spi.o
HAL_SPI_DMAStop                                   build/stm32f4xx_hal_spi.o
HAL_SPI_DeInit                                    build/stm32f4xx_hal_spi.o
HAL_SPI_ErrorCallback                             build/stm32f4xx_hal_spi.o
HAL_SPI_GetError                                  build/stm32f4xx_hal_spi.o
HAL_SPI_GetState                                  build/stm32f4xx_hal_spi.o
                                                  build/tm_stm32f4_ili9341.o
HAL_SPI_IRQHandler                                build/stm32f4xx_hal_spi.o
HAL_SPI_Init                                      build/stm32f4xx_hal_spi.o
                                                  build/main.o
HAL_SPI_MspDeInit                                 build/stm32f4xx_hal_msp.o
HAL_SPI_MspInit                                   build/stm32f4xx_hal_msp.o
HAL_SPI_Receive                                   build/stm32f4xx_hal_spi.o
HAL_SPI_Receive_DMA                               build/stm32f4xx_hal_spi.o
HAL_SPI_Receive_IT                                build/stm32f4xx_hal_spi.o
HAL_SPI_RxCpltCallback                            build/stm32f4xx_hal_spi.o
HAL_SPI_RxHalfCpltCallback                        build/stm32f4xx_hal_spi.o
HAL_SPI_Transmit                                  build/stm32f4xx_hal_spi.o
                                                  build/tm_stm32f4_ili9341.o
HAL_SPI_TransmitReceive                           build/stm32f4xx_hal_spi.o
HAL_SPI_TransmitReceive_DMA                       build/stm32f4xx_hal_spi.o
HAL_SPI_TransmitReceive_IT                        build/stm32f4xx_hal_spi.o
HAL_SPI_Transmit_DMA                              build/stm32f4xx_hal_spi.o
                                                  build/tm_stm32f4_ili9341.o
HAL_SPI_Transmit_IT                               build/stm32f4xx_hal_spi.o
HAL_SPI_TxCpltCallback                            build/stm32f4xx_hal_spi.o
HAL_SPI_TxHalfCpltCallback                        build/stm32f4xx_hal_spi.o
HAL_SPI_TxRxCpltCallback                          build/stm32f4xx_hal_spi.o
HAL_SPI_TxRxHalfCpltCallback                      build/stm32f4xx_hal_spi.o
HAL_SYSTICK_CLKSourceConfig                       build/stm32f4xx_hal_cortex.o
HAL_SYSTICK_Callback                              build/stm32f4xx_hal_cortex.o
HAL_SYSTICK_Config                                build/stm32f4xx_hal_cortex.o
                                                  build/stm32f4xx_hal.o
HAL_SYSTICK_IRQHandler                            build/stm32f4xx_hal_cortex.o
HAL_SetTickFreq                                   build/stm32f4xx_hal.o
HAL_SuspendTick                                   build/stm32f4xx_hal_timebase_tim.o
HAL_TIMEx_BreakCallback                           build/stm32f4xx_hal_tim_ex.o
                                                  build/stm32f4xx_hal_tim.o
HAL_TIMEx_CommutCallback                          build/stm32f4xx_hal_tim_ex.o
                                                  build/stm32f4xx_hal_tim.o
HAL_TIMEx_CommutHalfCpltCallback                  build/stm32f4xx_hal_tim_ex.o
HAL_TIMEx_ConfigBreakDeadTime                     build/stm32f4xx_hal_tim_ex.o
HAL_TIMEx_ConfigCommutEvent                       build/stm32f4xx_hal_tim_ex.o
HAL_TIMEx_ConfigCommutEvent_DMA                   build/stm32f4xx_hal_tim_ex.o
HAL_TIMEx_ConfigCommutEvent_IT                    build/stm32f4xx_hal_tim_ex.o
HAL_TIMEx_HallSensor_DeInit                       build/stm32f4xx_hal_tim_ex.o
HAL_TIMEx_HallSensor_GetState                     build/stm32f4xx_hal_tim_ex.o
HAL_TIMEx_HallSensor_Init                         build/stm32f4xx_hal_tim_ex.o
HAL_TIMEx_HallSensor_MspDeInit                    build/stm32f4xx_hal_tim_ex.o
HAL_TIMEx_HallSensor_MspInit                      build/stm32f4xx_hal_tim_ex.o
HAL_TIMEx_HallSensor_Start                        build/stm32f4xx_hal_tim_ex.o
HAL_TIMEx_HallSensor_Start_DMA                    build/stm32f4xx_hal_tim_ex.o
HAL_TIMEx_HallSensor_Start_IT                     build/stm32f4xx_hal_tim_ex.o
HAL_TIMEx_HallSensor_Stop                         build/stm32f4xx_hal_tim_ex.o
HAL_TIMEx_HallSensor_Stop_DMA                     build/stm32f4xx_hal_tim_ex.o
HAL_TIMEx_HallSensor_Stop_IT                      build/stm32f4xx_hal_tim_ex.o
HAL_TIMEx_MasterConfigSynchronization             build/stm32f4xx_hal_tim_ex.o
HAL_TIMEx_OCN_Start                               build/stm32f4xx_hal_tim_ex.o
HAL_TIMEx_OCN_Start_DMA                           build/stm32f4xx_hal_tim_ex.o
HAL_TIMEx_OCN_Start_IT                            build/stm32f4xx_hal_tim_ex.o
HAL_TIMEx_OCN_Stop                                build/stm32f4xx_hal_tim_ex.o
HAL_TIMEx_OCN_Stop_DMA                            build/stm32f4xx_hal_tim_ex.o
HAL_TIMEx_OCN_Stop_IT                             build/stm32f4xx_hal_tim_ex.o
HAL_TIMEx_OnePulseN_Start                         build/stm32f4xx_hal_tim_ex.o
HAL_TIMEx_OnePulseN_Start_IT                      build/stm32f4xx_hal_tim_ex.o
HAL_TIMEx_OnePulseN_Stop                          build/stm32f4xx_hal_tim_ex.o
HAL_TIMEx_OnePulseN_Stop_IT                       build/stm32f4xx_hal_tim_ex.o
HAL_TIMEx_PWMN_Start                              build/stm32f4xx_hal_tim_ex.o
HAL_TIMEx_PWMN_Start_DMA                          build/stm32f4xx_hal_tim_ex.o
HAL_TIMEx_PWMN_Start_IT                           build/stm32f4xx_hal_tim_ex.o
HAL_TIMEx_PWMN_Stop                               build/stm32f4xx_hal_tim_ex.o
HAL_TIMEx_PWMN_Stop_DMA                           build/stm32f4xx_hal_tim_ex.o
HAL_TIMEx_PWMN_Stop_IT                            build/stm32f4xx_hal_tim_ex.o
HAL_TIMEx_RemapConfig                             build/stm32f4xx_hal_tim_ex.o
HAL_TIM_Base_DeInit                               build/stm32f4xx_hal_tim.o
HAL_TIM_Base_GetState                             build/stm32f4xx_hal_tim.o
HAL_TIM_Base_Init                                 build/stm32f4xx_hal_tim.o